#
# There is insufficient memory for the Java Runtime Environment to continue.
# Native memory allocation (malloc) failed to allocate 488016 bytes for Chunk::new
# Possible reasons:
#   The system is out of physical RAM or swap space
#   The process is running with CompressedOops enabled, and the Java Heap may be blocking the growth of the native heap
# Possible solutions:
#   Reduce memory load on the system
#   Increase physical memory or swap space
#   Check if swap backing store is full
#   Decrease Java heap size (-Xmx/-Xms)
#   Decrease number of Java threads
#   Decrease Java thread stack sizes (-Xss)
#   Set larger code cache with -XX:ReservedCodeCacheSize=
#   JVM is running with Unscaled Compressed Oops mode in which the Java heap is
#     placed in the first 4GB address space. The Java Heap base address is the
#     maximum limit for the native heap growth. Please use -XX:HeapBaseMinAddress
#     to set the Java Heap base and to place the Java Heap above 4GB virtual address.
# This output file may be truncated or incomplete.
#
#  Out of Memory Error (arena.cpp:189), pid=4556, tid=17096
#
# JRE version: Java(TM) SE Runtime Environment (17.0.11+7) (build 17.0.11+7-LTS-207)
# Java VM: Java HotSpot(TM) 64-Bit Server VM (17.0.11+7-LTS-207, mixed mode, sharing, tiered, compressed oops, compressed class ptrs, g1 gc, windows-amd64)
# No core dump will be written. Minidumps are not enabled by default on client versions of Windows
#

---------------  S U M M A R Y ------------

Command Line: --add-opens=java.base/java.util=ALL-UNNAMED --add-opens=java.base/java.lang=ALL-UNNAMED --add-opens=java.base/java.lang.invoke=ALL-UNNAMED --add-opens=java.prefs/java.util.prefs=ALL-UNNAMED --add-opens=java.base/java.nio.charset=ALL-UNNAMED --add-opens=java.base/java.net=ALL-UNNAMED --add-opens=java.base/java.util.concurrent.atomic=ALL-UNNAMED -XX:MaxMetaspaceSize=256m -XX:+HeapDumpOnOutOfMemoryError -Xms256m -Xmx512m -Dfile.encoding=windows-1252 -Duser.country=SG -Duser.language=en -Duser.variant org.gradle.launcher.daemon.bootstrap.GradleDaemon 8.0

Host: AMD Ryzen 3 3250U with Radeon Graphics         , 4 cores, 3G,  Windows 11 , 64 bit Build 26100 (10.0.26100.7705)
Time: Fri Feb 13 11:18:09 2026 Bangladesh Standard Time elapsed time: 212.052521 seconds (0d 0h 3m 32s)

---------------  T H R E A D  ---------------

Current thread (0x0000021a3bad85b0):  JavaThread "C2 CompilerThread0" daemon [_thread_in_native, id=17096, stack(0x0000008b83b00000,0x0000008b83c00000)]


Current CompileTask:
C2: 212052 8807   !   4       java.util.concurrent.locks.AbstractQueuedSynchronizer::acquire (407 bytes)

Stack: [0x0000008b83b00000,0x0000008b83c00000]
Native frames: (J=compiled Java code, j=interpreted, Vv=VM code, C=native code)
V  [jvm.dll+0x679cca]
V  [jvm.dll+0x7da13d]
V  [jvm.dll+0x7dba83]
V  [jvm.dll+0x7dc0f3]
V  [jvm.dll+0x2449af]
V  [jvm.dll+0xab83b]
V  [jvm.dll+0xabe1c]
V  [jvm.dll+0x36155f]
V  [jvm.dll+0x32bd61]
V  [jvm.dll+0x32b1fa]
V  [jvm.dll+0x2161df]
V  [jvm.dll+0x21560f]
V  [jvm.dll+0x1a2040]
V  [jvm.dll+0x225a2b]
V  [jvm.dll+0x223bcb]
V  [jvm.dll+0x7903ec]
V  [jvm.dll+0x78a85a]
V  [jvm.dll+0x678bb5]
C  [ucrtbase.dll+0x37b0]
C  [KERNEL32.DLL+0x2e8d7]
C  [ntdll.dll+0x8c40c]


---------------  P R O C E S S  ---------------

Threads class SMR info:
_java_thread_list=0x0000021a4e832bd0, length=97, elements={
0x0000021a1fb11430, 0x0000021a3bab9500, 0x0000021a3babb2e0, 0x0000021a3bad40c0,
0x0000021a3bad4990, 0x0000021a3bad5dd0, 0x0000021a3bad79b0, 0x0000021a3bad85b0,
0x0000021a3badd120, 0x0000021a3baded40, 0x0000021a4e10efb0, 0x0000021a4e1196d0,
0x0000021a4f8e9870, 0x0000021a4f351b60, 0x0000021a4f8520c0, 0x0000021a4ee68610,
0x0000021a4ee68b20, 0x0000021a4ee69030, 0x0000021a4ee69540, 0x0000021a4ee6ae90,
0x0000021a4fd8bd80, 0x0000021a4fd88ff0, 0x0000021a4fd8ae50, 0x0000021a4fd89f20,
0x0000021a4fd89a10, 0x0000021a4fd8d1c0, 0x0000021a4fd8dbe0, 0x0000021a4fd8b870,
0x0000021a4fd89500, 0x0000021a4f69fe90, 0x0000021a4f6a12d0, 0x0000021a4f6a08b0,
0x0000021a4f69f980, 0x0000021a4f69b7b0, 0x0000021a4ee67bf0, 0x0000021a4ee68100,
0x0000021a4ee69a50, 0x0000021a4ee69f60, 0x0000021a4ee6a980, 0x0000021a4ee6a470,
0x0000021a52bf43e0, 0x0000021a52bf5310, 0x0000021a52bf48f0, 0x0000021a52bf6240,
0x0000021a52bf7170, 0x0000021a52bf4e00, 0x0000021a52bf5820, 0x0000021a52bf5d30,
0x0000021a52bf6750, 0x0000021a52bf6c60, 0x0000021a52bf7680, 0x0000021a52bf3ed0,
0x0000021a52bfa410, 0x0000021a52bf8fd0, 0x0000021a52bf8ac0, 0x0000021a52bfa920,
0x0000021a52bf7b90, 0x0000021a52bfae30, 0x0000021a52bfb340, 0x0000021a52bf85b0,
0x0000021a52bf9f00, 0x0000021a52bf94e0, 0x0000021a52bf80a0, 0x0000021a52bf99f0,
0x0000021a4f69ad90, 0x0000021a4f69c6e0, 0x0000021a4f69d610, 0x0000021a4f69a880,
0x0000021a4f69b2a0, 0x0000021a4f69bcc0, 0x0000021a4f69c1d0, 0x0000021a4f69cbf0,
0x0000021a4f69d100, 0x0000021a4f69db20, 0x0000021a4f69a370, 0x0000021a4f69ef60,
0x0000021a4f69e540, 0x0000021a4f69f470, 0x0000021a4f69ea50, 0x0000021a4f6a17e0,
0x0000021a4f69e030, 0x0000021a4f6a1cf0, 0x0000021a4f6a03a0, 0x0000021a4f6a0dc0,
0x0000021a4fd8d6d0, 0x0000021a4fd8a430, 0x0000021a4fd8e0f0, 0x0000021a4fd8c290,
0x0000021a4fd8c7a0, 0x0000021a4fd8a940, 0x0000021a4fd8e600, 0x0000021a4fd8eb10,
0x0000021a4fd8fa40, 0x0000021a4fd8ff50, 0x0000021a4fd8f020, 0x0000021a4fd8f530,
0x0000021a4fd90460
}

Java Threads: ( => current thread )
  0x0000021a1fb11430 JavaThread "main" [_thread_blocked, id=2184, stack(0x0000008b82e00000,0x0000008b82f00000)]
  0x0000021a3bab9500 JavaThread "Reference Handler" daemon [_thread_blocked, id=10560, stack(0x0000008b83500000,0x0000008b83600000)]
  0x0000021a3babb2e0 JavaThread "Finalizer" daemon [_thread_blocked, id=16216, stack(0x0000008b83600000,0x0000008b83700000)]
  0x0000021a3bad40c0 JavaThread "Signal Dispatcher" daemon [_thread_blocked, id=8984, stack(0x0000008b83700000,0x0000008b83800000)]
  0x0000021a3bad4990 JavaThread "Attach Listener" daemon [_thread_blocked, id=16752, stack(0x0000008b83800000,0x0000008b83900000)]
  0x0000021a3bad5dd0 JavaThread "Service Thread" daemon [_thread_blocked, id=16112, stack(0x0000008b83900000,0x0000008b83a00000)]
  0x0000021a3bad79b0 JavaThread "Monitor Deflation Thread" daemon [_thread_blocked, id=7504, stack(0x0000008b83a00000,0x0000008b83b00000)]
=>0x0000021a3bad85b0 JavaThread "C2 CompilerThread0" daemon [_thread_in_native, id=17096, stack(0x0000008b83b00000,0x0000008b83c00000)]
  0x0000021a3badd120 JavaThread "C1 CompilerThread0" daemon [_thread_blocked, id=14944, stack(0x0000008b83c00000,0x0000008b83d00000)]
  0x0000021a3baded40 JavaThread "Sweeper thread" daemon [_thread_blocked, id=16448, stack(0x0000008b83d00000,0x0000008b83e00000)]
  0x0000021a4e10efb0 JavaThread "Common-Cleaner" daemon [_thread_blocked, id=13988, stack(0x0000008b83e00000,0x0000008b83f00000)]
  0x0000021a4e1196d0 JavaThread "Notification Thread" daemon [_thread_blocked, id=12260, stack(0x0000008b83f00000,0x0000008b84000000)]
  0x0000021a4f8e9870 JavaThread "Daemon health stats" [_thread_blocked, id=15620, stack(0x0000008b84500000,0x0000008b84600000)]
  0x0000021a4f351b60 JavaThread "Incoming local TCP Connector on port 65328" [_thread_in_native, id=16152, stack(0x0000008b84100000,0x0000008b84200000)]
  0x0000021a4f8520c0 JavaThread "Daemon periodic checks" [_thread_blocked, id=940, stack(0x0000008b84600000,0x0000008b84700000)]
  0x0000021a4ee68610 JavaThread "Cache worker for journal cache (C:\Users\MD MOSABBIR\.gradle\caches\journal-1)" [_thread_blocked, id=12156, stack(0x0000008b84f00000,0x0000008b85000000)]
  0x0000021a4ee68b20 JavaThread "File lock request listener" [_thread_in_native, id=7608, stack(0x0000008b85000000,0x0000008b85100000)]
  0x0000021a4ee69030 JavaThread "Cache worker for file hash cache (C:\Users\MD MOSABBIR\.gradle\caches\8.0\fileHashes)" [_thread_blocked, id=16772, stack(0x0000008b85100000,0x0000008b85200000)]
  0x0000021a4ee69540 JavaThread "File watcher server" daemon [_thread_in_native, id=16352, stack(0x0000008b85200000,0x0000008b85300000)]
  0x0000021a4ee6ae90 JavaThread "File watcher consumer" daemon [_thread_blocked, id=3868, stack(0x0000008b85300000,0x0000008b85400000)]
  0x0000021a4fd8bd80 JavaThread "Cache worker for file content cache (C:\Users\MD MOSABBIR\.gradle\caches\8.0\fileContent)" [_thread_blocked, id=14372, stack(0x0000008b85600000,0x0000008b85700000)]
  0x0000021a4fd88ff0 JavaThread "Cache worker for execution history cache (C:\Users\MD MOSABBIR\.gradle\caches\8.0\executionHistory)" [_thread_blocked, id=11916, stack(0x0000008b85800000,0x0000008b85900000)]
  0x0000021a4fd8ae50 JavaThread "jar transforms" [_thread_blocked, id=16232, stack(0x0000008b85a00000,0x0000008b85b00000)]
  0x0000021a4fd89f20 JavaThread "jar transforms Thread 2" [_thread_blocked, id=16344, stack(0x0000008b85b00000,0x0000008b85c00000)]
  0x0000021a4fd89a10 JavaThread "jar transforms Thread 3" [_thread_blocked, id=2272, stack(0x0000008b85c00000,0x0000008b85d00000)]
  0x0000021a4fd8d1c0 JavaThread "jar transforms Thread 4" [_thread_blocked, id=12148, stack(0x0000008b85d00000,0x0000008b85e00000)]
  0x0000021a4fd8dbe0 JavaThread "Memory manager" [_thread_blocked, id=8116, stack(0x0000008b86000000,0x0000008b86100000)]
  0x0000021a4fd8b870 JavaThread "Daemon Thread 2" [_thread_blocked, id=1336, stack(0x0000008b82b00000,0x0000008b82c00000)]
  0x0000021a4fd89500 JavaThread "Daemon worker Thread 2" [_thread_blocked, id=11528, stack(0x0000008b84700000,0x0000008b84800000)]
  0x0000021a4f69fe90 JavaThread "Exec process Thread 5" [_thread_in_native, id=18208, stack(0x0000008b88e00000,0x0000008b88f00000)]
  0x0000021a4f6a12d0 JavaThread "Exec process Thread 6" [_thread_in_native, id=10416, stack(0x0000008b89000000,0x0000008b89100000)]
  0x0000021a4f6a08b0 JavaThread "Exec process Thread 7" [_thread_in_native, id=12996, stack(0x0000008b89100000,0x0000008b89200000)]
  0x0000021a4f69f980 JavaThread "Exec process Thread 8" [_thread_blocked, id=8260, stack(0x0000008b89200000,0x0000008b89300000)]
  0x0000021a4f69b7b0 JavaThread "included builds" [_thread_blocked, id=13924, stack(0x0000008b85e00000,0x0000008b85f00000)]
  0x0000021a4ee67bf0 JavaThread "Handler for socket connection from /127.0.0.1:65328 to /127.0.0.1:52106" [_thread_in_native, id=16668, stack(0x0000008b82c00000,0x0000008b82d00000)]
  0x0000021a4ee68100 JavaThread "Cancel handler" [_thread_blocked, id=11152, stack(0x0000008b82d00000,0x0000008b82e00000)]
  0x0000021a4ee69a50 JavaThread "Asynchronous log dispatcher for DefaultDaemonConnection: socket connection from /127.0.0.1:65328 to /127.0.0.1:52106" [_thread_blocked, id=16404, stack(0x0000008b84800000,0x0000008b84900000)]
  0x0000021a4ee69f60 JavaThread "Stdin handler" [_thread_blocked, id=10532, stack(0x0000008b84900000,0x0000008b84a00000)]
  0x0000021a4ee6a980 JavaThread "Daemon client event forwarder" [_thread_blocked, id=8452, stack(0x0000008b84a00000,0x0000008b84b00000)]
  0x0000021a4ee6a470 JavaThread "Cache worker for checksums cache (D:\Java code\batch14\selenimWithPom14\.gradle\8.0\checksums)" [_thread_blocked, id=14968, stack(0x0000008b84b00000,0x0000008b84c00000)]
  0x0000021a52bf43e0 JavaThread "Cache worker for cache directory md-rule (C:\Users\MD MOSABBIR\.gradle\caches\8.0\md-rule)" [_thread_blocked, id=18196, stack(0x0000008b84c00000,0x0000008b84d00000)]
  0x0000021a52bf5310 JavaThread "Cache worker for file hash cache (D:\Java code\batch14\selenimWithPom14\.gradle\8.0\fileHashes)" [_thread_blocked, id=11000, stack(0x0000008b84d00000,0x0000008b84e00000)]
  0x0000021a52bf48f0 JavaThread "Cache worker for cache directory md-supplier (C:\Users\MD MOSABBIR\.gradle\caches\8.0\md-supplier)" [_thread_blocked, id=2724, stack(0x0000008b84e00000,0x0000008b84f00000)]
  0x0000021a52bf6240 JavaThread "Cache worker for dependencies-accessors (D:\Java code\batch14\selenimWithPom14\.gradle\8.0\dependencies-accessors)" [_thread_blocked, id=280, stack(0x0000008b85400000,0x0000008b85500000)]
  0x0000021a52bf7170 JavaThread "Cache worker for Build Output Cleanup Cache (D:\Java code\batch14\selenimWithPom14\.gradle\buildOutputCleanup)" [_thread_blocked, id=15352, stack(0x0000008b85500000,0x0000008b85600000)]
  0x0000021a52bf4e00 JavaThread "included builds" [_thread_blocked, id=17644, stack(0x0000008b85700000,0x0000008b85800000)]
  0x0000021a52bf5820 JavaThread "Execution worker" [_thread_blocked, id=18068, stack(0x0000008b85900000,0x0000008b85a00000)]
  0x0000021a52bf5d30 JavaThread "Execution worker Thread 2" [_thread_blocked, id=6712, stack(0x0000008b85f00000,0x0000008b86000000)]
  0x0000021a52bf6750 JavaThread "Execution worker Thread 3" [_thread_blocked, id=1060, stack(0x0000008b86100000,0x0000008b86200000)]
  0x0000021a52bf6c60 JavaThread "Cache worker for execution history cache (D:\Java code\batch14\selenimWithPom14\.gradle\8.0\executionHistory)" [_thread_blocked, id=16724, stack(0x0000008b86200000,0x0000008b86300000)]
  0x0000021a52bf7680 JavaThread "Unconstrained build operations" [_thread_blocked, id=17976, stack(0x0000008b86300000,0x0000008b86400000)]
  0x0000021a52bf3ed0 JavaThread "Unconstrained build operations Thread 2" [_thread_blocked, id=6356, stack(0x0000008b86400000,0x0000008b86500000)]
  0x0000021a52bfa410 JavaThread "Unconstrained build operations Thread 3" [_thread_blocked, id=2524, stack(0x0000008b86500000,0x0000008b86600000)]
  0x0000021a52bf8fd0 JavaThread "Unconstrained build operations Thread 4" [_thread_blocked, id=13108, stack(0x0000008b86700000,0x0000008b86800000)]
  0x0000021a52bf8ac0 JavaThread "Unconstrained build operations Thread 5" [_thread_blocked, id=14068, stack(0x0000008b86800000,0x0000008b86900000)]
  0x0000021a52bfa920 JavaThread "Unconstrained build operations Thread 6" [_thread_blocked, id=3372, stack(0x0000008b86900000,0x0000008b86a00000)]
  0x0000021a52bf7b90 JavaThread "Unconstrained build operations Thread 7" [_thread_blocked, id=9668, stack(0x0000008b86a00000,0x0000008b86b00000)]
  0x0000021a52bfae30 JavaThread "Unconstrained build operations Thread 8" [_thread_blocked, id=17496, stack(0x0000008b86b00000,0x0000008b86c00000)]
  0x0000021a52bfb340 JavaThread "Unconstrained build operations Thread 9" [_thread_blocked, id=11776, stack(0x0000008b86c00000,0x0000008b86d00000)]
  0x0000021a52bf85b0 JavaThread "Unconstrained build operations Thread 10" [_thread_blocked, id=3788, stack(0x0000008b86d00000,0x0000008b86e00000)]
  0x0000021a52bf9f00 JavaThread "Unconstrained build operations Thread 11" [_thread_blocked, id=17152, stack(0x0000008b86e00000,0x0000008b86f00000)]
  0x0000021a52bf94e0 JavaThread "Unconstrained build operations Thread 12" [_thread_blocked, id=5268, stack(0x0000008b86f00000,0x0000008b87000000)]
  0x0000021a52bf80a0 JavaThread "Unconstrained build operations Thread 13" [_thread_blocked, id=8424, stack(0x0000008b87000000,0x0000008b87100000)]
  0x0000021a52bf99f0 JavaThread "Unconstrained build operations Thread 14" [_thread_blocked, id=8328, stack(0x0000008b87100000,0x0000008b87200000)]
  0x0000021a4f69ad90 JavaThread "Unconstrained build operations Thread 15" [_thread_blocked, id=14696, stack(0x0000008b87200000,0x0000008b87300000)]
  0x0000021a4f69c6e0 JavaThread "Unconstrained build operations Thread 16" [_thread_blocked, id=18376, stack(0x0000008b87300000,0x0000008b87400000)]
  0x0000021a4f69d610 JavaThread "Unconstrained build operations Thread 17" [_thread_blocked, id=12688, stack(0x0000008b87400000,0x0000008b87500000)]
  0x0000021a4f69a880 JavaThread "Unconstrained build operations Thread 18" [_thread_blocked, id=7640, stack(0x0000008b87500000,0x0000008b87600000)]
  0x0000021a4f69b2a0 JavaThread "Unconstrained build operations Thread 19" [_thread_blocked, id=1048, stack(0x0000008b87600000,0x0000008b87700000)]
  0x0000021a4f69bcc0 JavaThread "Unconstrained build operations Thread 20" [_thread_blocked, id=2952, stack(0x0000008b87700000,0x0000008b87800000)]
  0x0000021a4f69c1d0 JavaThread "Unconstrained build operations Thread 21" [_thread_blocked, id=4756, stack(0x0000008b87800000,0x0000008b87900000)]
  0x0000021a4f69cbf0 JavaThread "Unconstrained build operations Thread 22" [_thread_blocked, id=17908, stack(0x0000008b87900000,0x0000008b87a00000)]
  0x0000021a4f69d100 JavaThread "Unconstrained build operations Thread 23" [_thread_blocked, id=12692, stack(0x0000008b87a00000,0x0000008b87b00000)]
  0x0000021a4f69db20 JavaThread "Unconstrained build operations Thread 24" [_thread_blocked, id=10216, stack(0x0000008b87b00000,0x0000008b87c00000)]
  0x0000021a4f69a370 JavaThread "Unconstrained build operations Thread 25" [_thread_blocked, id=9304, stack(0x0000008b87c00000,0x0000008b87d00000)]
  0x0000021a4f69ef60 JavaThread "Unconstrained build operations Thread 26" [_thread_blocked, id=3568, stack(0x0000008b87d00000,0x0000008b87e00000)]
  0x0000021a4f69e540 JavaThread "Unconstrained build operations Thread 27" [_thread_blocked, id=13876, stack(0x0000008b87e00000,0x0000008b87f00000)]
  0x0000021a4f69f470 JavaThread "Unconstrained build operations Thread 28" [_thread_blocked, id=7540, stack(0x0000008b87f00000,0x0000008b88000000)]
  0x0000021a4f69ea50 JavaThread "Unconstrained build operations Thread 29" [_thread_blocked, id=15528, stack(0x0000008b88000000,0x0000008b88100000)]
  0x0000021a4f6a17e0 JavaThread "Unconstrained build operations Thread 30" [_thread_blocked, id=1344, stack(0x0000008b88100000,0x0000008b88200000)]
  0x0000021a4f69e030 JavaThread "Unconstrained build operations Thread 31" [_thread_blocked, id=17920, stack(0x0000008b88200000,0x0000008b88300000)]
  0x0000021a4f6a1cf0 JavaThread "Unconstrained build operations Thread 32" [_thread_blocked, id=9444, stack(0x0000008b88300000,0x0000008b88400000)]
  0x0000021a4f6a03a0 JavaThread "Unconstrained build operations Thread 33" [_thread_blocked, id=17068, stack(0x0000008b88400000,0x0000008b88500000)]
  0x0000021a4f6a0dc0 JavaThread "Unconstrained build operations Thread 34" [_thread_blocked, id=7060, stack(0x0000008b88500000,0x0000008b88600000)]
  0x0000021a4fd8d6d0 JavaThread "Unconstrained build operations Thread 35" [_thread_blocked, id=16072, stack(0x0000008b88600000,0x0000008b88700000)]
  0x0000021a4fd8a430 JavaThread "Unconstrained build operations Thread 36" [_thread_blocked, id=8732, stack(0x0000008b88700000,0x0000008b88800000)]
  0x0000021a4fd8e0f0 JavaThread "Unconstrained build operations Thread 37" [_thread_blocked, id=4016, stack(0x0000008b88800000,0x0000008b88900000)]
  0x0000021a4fd8c290 JavaThread "Unconstrained build operations Thread 38" [_thread_blocked, id=8884, stack(0x0000008b88900000,0x0000008b88a00000)]
  0x0000021a4fd8c7a0 JavaThread "Unconstrained build operations Thread 39" [_thread_blocked, id=9060, stack(0x0000008b88a00000,0x0000008b88b00000)]
  0x0000021a4fd8a940 JavaThread "Unconstrained build operations Thread 40" [_thread_blocked, id=7996, stack(0x0000008b88c00000,0x0000008b88d00000)]
  0x0000021a4fd8e600 JavaThread "Dispatch org.gradle.api.internal.tasks.testing.results.AttachParentTestResultProcessor@781bd869" [_thread_blocked, id=11124, stack(0x0000008b88d00000,0x0000008b88e00000)]
  0x0000021a4fd8eb10 JavaThread "Dispatch org.gradle.api.internal.tasks.testing.processors.RestartEveryNTestClassProcessor@2f3b8ac1" [_thread_blocked, id=12728, stack(0x0000008b88f00000,0x0000008b89000000)]
  0x0000021a4fd8fa40 JavaThread "Incoming local TCP Connector on port 52107" [_thread_blocked, id=12928, stack(0x0000008b89300000,0x0000008b89400000)]
  0x0000021a4fd8ff50 JavaThread "/127.0.0.1:52107 to /127.0.0.1:52108 workers" [_thread_blocked, id=10084, stack(0x0000008b89400000,0x0000008b89500000)]
  0x0000021a4fd8f020 JavaThread "/127.0.0.1:52107 to /127.0.0.1:52108 workers Thread 2" [_thread_blocked, id=13616, stack(0x0000008b89500000,0x0000008b89600000)]
  0x0000021a4fd8f530 JavaThread "/127.0.0.1:52107 to /127.0.0.1:52108 workers Thread 3" [_thread_blocked, id=16264, stack(0x0000008b89600000,0x0000008b89700000)]
  0x0000021a4fd90460 JavaThread "/127.0.0.1:52107 to /127.0.0.1:52108 workers Thread 4" [_thread_in_native, id=16816, stack(0x0000008b89700000,0x0000008b89800000)]

Other Threads:
  0x0000021a3bab2c90 VMThread "VM Thread" [stack: 0x0000008b83400000,0x0000008b83500000] [id=17340]
  0x0000021a4e11d3f0 WatcherThread [stack: 0x0000008b84000000,0x0000008b84100000] [id=2228]
  0x0000021a1fb3e330 GCTaskThread "GC Thread#0" [stack: 0x0000008b82f00000,0x0000008b83000000] [id=17992]
  0x0000021a4e7bbbc0 GCTaskThread "GC Thread#1" [stack: 0x0000008b84200000,0x0000008b84300000] [id=11884]
  0x0000021a4e643670 GCTaskThread "GC Thread#2" [stack: 0x0000008b84300000,0x0000008b84400000] [id=13376]
  0x0000021a4e30ab40 GCTaskThread "GC Thread#3" [stack: 0x0000008b84400000,0x0000008b84500000] [id=16588]
  0x0000021a1fb43190 ConcurrentGCThread "G1 Main Marker" [stack: 0x0000008b83000000,0x0000008b83100000] [id=7344]
  0x0000021a1fb44780 ConcurrentGCThread "G1 Conc#0" [stack: 0x0000008b83100000,0x0000008b83200000] [id=12576]
  0x0000021a1fbde830 ConcurrentGCThread "G1 Refine#0" [stack: 0x0000008b83200000,0x0000008b83300000] [id=12348]
  0x0000021a5072bdd0 ConcurrentGCThread "G1 Refine#1" [stack: 0x0000008b86600000,0x0000008b86700000] [id=9560]
  0x0000021a5072ecd0 ConcurrentGCThread "G1 Refine#2" [stack: 0x0000008b88b00000,0x0000008b88c00000] [id=11976]
  0x0000021a3b9761e0 ConcurrentGCThread "G1 Service" [stack: 0x0000008b83300000,0x0000008b83400000] [id=18412]

Threads with active compile tasks:
C2 CompilerThread0   212127 8807   !   4       java.util.concurrent.locks.AbstractQueuedSynchronizer::acquire (407 bytes)

VM state: not at safepoint (normal execution)

VM Mutex/Monitor currently owned by a thread: None

Heap address: 0x00000000e0000000, size: 512 MB, Compressed Oops mode: 32-bit

CDS archive(s) mapped at: [0x0000021a3c000000-0x0000021a3cbd0000-0x0000021a3cbd0000), size 12386304, SharedBaseAddress: 0x0000021a3c000000, ArchiveRelocationMode: 1.
Compressed class space mapped at: 0x0000021a3d000000-0x0000021a4a000000, reserved size: 218103808
Narrow klass base: 0x0000021a3c000000, Narrow klass shift: 0, Narrow klass range: 0x100000000

GC Precious Log:
 CPUs: 4 total, 4 available
 Memory: 3503M
 Large Page Support: Disabled
 NUMA Support: Disabled
 Compressed Oops: Enabled (32-bit)
 Heap Region Size: 1M
 Heap Min Capacity: 256M
 Heap Initial Capacity: 256M
 Heap Max Capacity: 512M
 Pre-touch: Disabled
 Parallel Workers: 4
 Concurrent Workers: 1
 Concurrent Refinement Workers: 4
 Periodic GC: Disabled

Heap:
 garbage-first heap   total 262144K, used 61888K [0x00000000e0000000, 0x0000000100000000)
  region size 1024K, 32 young (32768K), 15 survivors (15360K)
 Metaspace       used 53140K, committed 53888K, reserved 278528K
  class space    used 7460K, committed 7808K, reserved 212992K

Heap Regions: E=young(eden), S=young(survivor), O=old, HS=humongous(starts), HC=humongous(continues), CS=collection set, F=free, OA=open archive, CA=closed archive, TAMS=top-at-mark-start (previous, next)
|   0|0x00000000e0000000, 0x00000000e0100000, 0x00000000e0100000|100%| O|  |TAMS 0x00000000e0100000, 0x00000000e0000000| Untracked 
|   1|0x00000000e0100000, 0x00000000e0200000, 0x00000000e0200000|100%| O|  |TAMS 0x00000000e0200000, 0x00000000e0100000| Untracked 
|   2|0x00000000e0200000, 0x00000000e0300000, 0x00000000e0300000|100%|HS|  |TAMS 0x00000000e0300000, 0x00000000e0200000| Complete 
|   3|0x00000000e0300000, 0x00000000e0400000, 0x00000000e0400000|100%|HC|  |TAMS 0x00000000e0400000, 0x00000000e0300000| Complete 
|   4|0x00000000e0400000, 0x00000000e0500000, 0x00000000e0500000|100%|HC|  |TAMS 0x00000000e0500000, 0x00000000e0400000| Complete 
|   5|0x00000000e0500000, 0x00000000e0600000, 0x00000000e0600000|100%|HC|  |TAMS 0x00000000e0600000, 0x00000000e0500000| Complete 
|   6|0x00000000e0600000, 0x00000000e0700000, 0x00000000e0700000|100%| O|  |TAMS 0x00000000e0700000, 0x00000000e0600000| Untracked 
|   7|0x00000000e0700000, 0x00000000e0800000, 0x00000000e0800000|100%| O|  |TAMS 0x00000000e0800000, 0x00000000e0700000| Untracked 
|   8|0x00000000e0800000, 0x00000000e0900000, 0x00000000e0900000|100%| O|  |TAMS 0x00000000e0800000, 0x00000000e0800000| Untracked 
|   9|0x00000000e0900000, 0x00000000e0a00000, 0x00000000e0a00000|100%| O|  |TAMS 0x00000000e0a00000, 0x00000000e0900000| Untracked 
|  10|0x00000000e0a00000, 0x00000000e0b00000, 0x00000000e0b00000|100%| O|  |TAMS 0x00000000e0b00000, 0x00000000e0a00000| Untracked 
|  11|0x00000000e0b00000, 0x00000000e0c00000, 0x00000000e0c00000|100%| O|  |TAMS 0x00000000e0c00000, 0x00000000e0b00000| Untracked 
|  12|0x00000000e0c00000, 0x00000000e0d00000, 0x00000000e0d00000|100%| O|  |TAMS 0x00000000e0c00000, 0x00000000e0c00000| Untracked 
|  13|0x00000000e0d00000, 0x00000000e0e00000, 0x00000000e0e00000|100%| O|  |TAMS 0x00000000e0d00000, 0x00000000e0d00000| Untracked 
|  14|0x00000000e0e00000, 0x00000000e0f00000, 0x00000000e0f00000|100%|HS|  |TAMS 0x00000000e0e00000, 0x00000000e0e00000| Complete 
|  15|0x00000000e0f00000, 0x00000000e1000000, 0x00000000e1000000|100%| O|  |TAMS 0x00000000e1000000, 0x00000000e0f00000| Untracked 
|  16|0x00000000e1000000, 0x00000000e1100000, 0x00000000e1100000|100%| O|  |TAMS 0x00000000e1100000, 0x00000000e1000000| Untracked 
|  17|0x00000000e1100000, 0x00000000e1200000, 0x00000000e1200000|100%| O|  |TAMS 0x00000000e1200000, 0x00000000e1100000| Untracked 
|  18|0x00000000e1200000, 0x00000000e1300000, 0x00000000e1300000|100%| O|  |TAMS 0x00000000e1300000, 0x00000000e1200000| Untracked 
|  19|0x00000000e1300000, 0x00000000e1400000, 0x00000000e1400000|100%| O|  |TAMS 0x00000000e1400000, 0x00000000e1300000| Untracked 
|  20|0x00000000e1400000, 0x00000000e1500000, 0x00000000e1500000|100%| O|  |TAMS 0x00000000e1500000, 0x00000000e1400000| Untracked 
|  21|0x00000000e1500000, 0x00000000e1600000, 0x00000000e1600000|100%| O|  |TAMS 0x00000000e1600000, 0x00000000e1500000| Untracked 
|  22|0x00000000e1600000, 0x00000000e1700000, 0x00000000e1700000|100%| O|  |TAMS 0x00000000e1700000, 0x00000000e1600000| Untracked 
|  23|0x00000000e1700000, 0x00000000e1800000, 0x00000000e1800000|100%| O|  |TAMS 0x00000000e1800000, 0x00000000e1700000| Untracked 
|  24|0x00000000e1800000, 0x00000000e1900000, 0x00000000e1900000|100%| O|  |TAMS 0x00000000e1900000, 0x00000000e1800000| Untracked 
|  25|0x00000000e1900000, 0x00000000e1a00000, 0x00000000e1a00000|100%| O|  |TAMS 0x00000000e191ae00, 0x00000000e1900000| Untracked 
|  26|0x00000000e1a00000, 0x00000000e1b00000, 0x00000000e1b00000|100%| O|  |TAMS 0x00000000e1a00000, 0x00000000e1a00000| Untracked 
|  27|0x00000000e1b00000, 0x00000000e1c00000, 0x00000000e1c00000|100%| O|  |TAMS 0x00000000e1b00000, 0x00000000e1b00000| Untracked 
|  28|0x00000000e1c00000, 0x00000000e1d00000, 0x00000000e1d00000|100%| O|  |TAMS 0x00000000e1c00000, 0x00000000e1c00000| Untracked 
|  29|0x00000000e1d00000, 0x00000000e1e00000, 0x00000000e1e00000|100%| O|  |TAMS 0x00000000e1d00000, 0x00000000e1d00000| Untracked 
|  30|0x00000000e1e00000, 0x00000000e1e90a00, 0x00000000e1f00000| 56%| O|  |TAMS 0x00000000e1e00000, 0x00000000e1e00000| Untracked 
|  31|0x00000000e1f00000, 0x00000000e1f00000, 0x00000000e2000000|  0%| F|  |TAMS 0x00000000e1f00000, 0x00000000e1f00000| Untracked 
|  32|0x00000000e2000000, 0x00000000e2000000, 0x00000000e2100000|  0%| F|  |TAMS 0x00000000e2000000, 0x00000000e2000000| Untracked 
|  33|0x00000000e2100000, 0x00000000e2100000, 0x00000000e2200000|  0%| F|  |TAMS 0x00000000e2100000, 0x00000000e2100000| Untracked 
|  34|0x00000000e2200000, 0x00000000e2200000, 0x00000000e2300000|  0%| F|  |TAMS 0x00000000e2200000, 0x00000000e2200000| Untracked 
|  35|0x00000000e2300000, 0x00000000e2300000, 0x00000000e2400000|  0%| F|  |TAMS 0x00000000e2300000, 0x00000000e2300000| Untracked 
|  36|0x00000000e2400000, 0x00000000e2400000, 0x00000000e2500000|  0%| F|  |TAMS 0x00000000e2400000, 0x00000000e2400000| Untracked 
|  37|0x00000000e2500000, 0x00000000e2500000, 0x00000000e2600000|  0%| F|  |TAMS 0x00000000e2500000, 0x00000000e2500000| Untracked 
|  38|0x00000000e2600000, 0x00000000e2600000, 0x00000000e2700000|  0%| F|  |TAMS 0x00000000e2600000, 0x00000000e2600000| Untracked 
|  39|0x00000000e2700000, 0x00000000e2700000, 0x00000000e2800000|  0%| F|  |TAMS 0x00000000e2700000, 0x00000000e2700000| Untracked 
|  40|0x00000000e2800000, 0x00000000e2800000, 0x00000000e2900000|  0%| F|  |TAMS 0x00000000e2800000, 0x00000000e2800000| Untracked 
|  41|0x00000000e2900000, 0x00000000e2900000, 0x00000000e2a00000|  0%| F|  |TAMS 0x00000000e2900000, 0x00000000e2900000| Untracked 
|  42|0x00000000e2a00000, 0x00000000e2a00000, 0x00000000e2b00000|  0%| F|  |TAMS 0x00000000e2a00000, 0x00000000e2a00000| Untracked 
|  43|0x00000000e2b00000, 0x00000000e2b00000, 0x00000000e2c00000|  0%| F|  |TAMS 0x00000000e2b00000, 0x00000000e2b00000| Untracked 
|  44|0x00000000e2c00000, 0x00000000e2c00000, 0x00000000e2d00000|  0%| F|  |TAMS 0x00000000e2c00000, 0x00000000e2c00000| Untracked 
|  45|0x00000000e2d00000, 0x00000000e2d00000, 0x00000000e2e00000|  0%| F|  |TAMS 0x00000000e2d00000, 0x00000000e2d00000| Untracked 
|  46|0x00000000e2e00000, 0x00000000e2e00000, 0x00000000e2f00000|  0%| F|  |TAMS 0x00000000e2e00000, 0x00000000e2e00000| Untracked 
|  47|0x00000000e2f00000, 0x00000000e2f00000, 0x00000000e3000000|  0%| F|  |TAMS 0x00000000e2f00000, 0x00000000e2f00000| Untracked 
|  48|0x00000000e3000000, 0x00000000e3000000, 0x00000000e3100000|  0%| F|  |TAMS 0x00000000e3000000, 0x00000000e3000000| Untracked 
|  49|0x00000000e3100000, 0x00000000e3100000, 0x00000000e3200000|  0%| F|  |TAMS 0x00000000e3100000, 0x00000000e3100000| Untracked 
|  50|0x00000000e3200000, 0x00000000e3200000, 0x00000000e3300000|  0%| F|  |TAMS 0x00000000e3200000, 0x00000000e3200000| Untracked 
|  51|0x00000000e3300000, 0x00000000e3300000, 0x00000000e3400000|  0%| F|  |TAMS 0x00000000e3300000, 0x00000000e3300000| Untracked 
|  52|0x00000000e3400000, 0x00000000e3400000, 0x00000000e3500000|  0%| F|  |TAMS 0x00000000e3400000, 0x00000000e3400000| Untracked 
|  53|0x00000000e3500000, 0x00000000e3500000, 0x00000000e3600000|  0%| F|  |TAMS 0x00000000e3500000, 0x00000000e3500000| Untracked 
|  54|0x00000000e3600000, 0x00000000e3600000, 0x00000000e3700000|  0%| F|  |TAMS 0x00000000e3600000, 0x00000000e3600000| Untracked 
|  55|0x00000000e3700000, 0x00000000e3700000, 0x00000000e3800000|  0%| F|  |TAMS 0x00000000e3700000, 0x00000000e3700000| Untracked 
|  56|0x00000000e3800000, 0x00000000e3800000, 0x00000000e3900000|  0%| F|  |TAMS 0x00000000e3800000, 0x00000000e3800000| Untracked 
|  57|0x00000000e3900000, 0x00000000e3900000, 0x00000000e3a00000|  0%| F|  |TAMS 0x00000000e3900000, 0x00000000e3900000| Untracked 
|  58|0x00000000e3a00000, 0x00000000e3a00000, 0x00000000e3b00000|  0%| F|  |TAMS 0x00000000e3a00000, 0x00000000e3a00000| Untracked 
|  59|0x00000000e3b00000, 0x00000000e3b00000, 0x00000000e3c00000|  0%| F|  |TAMS 0x00000000e3b00000, 0x00000000e3b00000| Untracked 
|  60|0x00000000e3c00000, 0x00000000e3c00000, 0x00000000e3d00000|  0%| F|  |TAMS 0x00000000e3c00000, 0x00000000e3c00000| Untracked 
|  61|0x00000000e3d00000, 0x00000000e3d00000, 0x00000000e3e00000|  0%| F|  |TAMS 0x00000000e3d00000, 0x00000000e3d00000| Untracked 
|  62|0x00000000e3e00000, 0x00000000e3e00000, 0x00000000e3f00000|  0%| F|  |TAMS 0x00000000e3e00000, 0x00000000e3e00000| Untracked 
|  63|0x00000000e3f00000, 0x00000000e3f00000, 0x00000000e4000000|  0%| F|  |TAMS 0x00000000e3f00000, 0x00000000e3f00000| Untracked 
|  64|0x00000000e4000000, 0x00000000e4000000, 0x00000000e4100000|  0%| F|  |TAMS 0x00000000e4000000, 0x00000000e4000000| Untracked 
|  65|0x00000000e4100000, 0x00000000e4100000, 0x00000000e4200000|  0%| F|  |TAMS 0x00000000e4100000, 0x00000000e4100000| Untracked 
|  66|0x00000000e4200000, 0x00000000e4200000, 0x00000000e4300000|  0%| F|  |TAMS 0x00000000e4200000, 0x00000000e4200000| Untracked 
|  67|0x00000000e4300000, 0x00000000e4300000, 0x00000000e4400000|  0%| F|  |TAMS 0x00000000e4300000, 0x00000000e4300000| Untracked 
|  68|0x00000000e4400000, 0x00000000e4400000, 0x00000000e4500000|  0%| F|  |TAMS 0x00000000e4400000, 0x00000000e4400000| Untracked 
|  69|0x00000000e4500000, 0x00000000e4500000, 0x00000000e4600000|  0%| F|  |TAMS 0x00000000e4500000, 0x00000000e4500000| Untracked 
|  70|0x00000000e4600000, 0x00000000e4600000, 0x00000000e4700000|  0%| F|  |TAMS 0x00000000e4600000, 0x00000000e4600000| Untracked 
|  71|0x00000000e4700000, 0x00000000e4700000, 0x00000000e4800000|  0%| F|  |TAMS 0x00000000e4700000, 0x00000000e4700000| Untracked 
|  72|0x00000000e4800000, 0x00000000e4800000, 0x00000000e4900000|  0%| F|  |TAMS 0x00000000e4800000, 0x00000000e4800000| Untracked 
|  73|0x00000000e4900000, 0x00000000e4900000, 0x00000000e4a00000|  0%| F|  |TAMS 0x00000000e4900000, 0x00000000e4900000| Untracked 
|  74|0x00000000e4a00000, 0x00000000e4a00000, 0x00000000e4b00000|  0%| F|  |TAMS 0x00000000e4a00000, 0x00000000e4a00000| Untracked 
|  75|0x00000000e4b00000, 0x00000000e4b00000, 0x00000000e4c00000|  0%| F|  |TAMS 0x00000000e4b00000, 0x00000000e4b00000| Untracked 
|  76|0x00000000e4c00000, 0x00000000e4c00000, 0x00000000e4d00000|  0%| F|  |TAMS 0x00000000e4c00000, 0x00000000e4c00000| Untracked 
|  77|0x00000000e4d00000, 0x00000000e4d00000, 0x00000000e4e00000|  0%| F|  |TAMS 0x00000000e4d00000, 0x00000000e4d00000| Untracked 
|  78|0x00000000e4e00000, 0x00000000e4e00000, 0x00000000e4f00000|  0%| F|  |TAMS 0x00000000e4e00000, 0x00000000e4e00000| Untracked 
|  79|0x00000000e4f00000, 0x00000000e4f00000, 0x00000000e5000000|  0%| F|  |TAMS 0x00000000e4f00000, 0x00000000e4f00000| Untracked 
|  80|0x00000000e5000000, 0x00000000e5000000, 0x00000000e5100000|  0%| F|  |TAMS 0x00000000e5000000, 0x00000000e5000000| Untracked 
|  81|0x00000000e5100000, 0x00000000e5100000, 0x00000000e5200000|  0%| F|  |TAMS 0x00000000e5100000, 0x00000000e5100000| Untracked 
|  82|0x00000000e5200000, 0x00000000e5200000, 0x00000000e5300000|  0%| F|  |TAMS 0x00000000e5200000, 0x00000000e5200000| Untracked 
|  83|0x00000000e5300000, 0x00000000e5300000, 0x00000000e5400000|  0%| F|  |TAMS 0x00000000e5300000, 0x00000000e5300000| Untracked 
|  84|0x00000000e5400000, 0x00000000e5400000, 0x00000000e5500000|  0%| F|  |TAMS 0x00000000e5400000, 0x00000000e5400000| Untracked 
|  85|0x00000000e5500000, 0x00000000e5500000, 0x00000000e5600000|  0%| F|  |TAMS 0x00000000e5500000, 0x00000000e5500000| Untracked 
|  86|0x00000000e5600000, 0x00000000e5600000, 0x00000000e5700000|  0%| F|  |TAMS 0x00000000e5600000, 0x00000000e5600000| Untracked 
|  87|0x00000000e5700000, 0x00000000e5700000, 0x00000000e5800000|  0%| F|  |TAMS 0x00000000e5700000, 0x00000000e5700000| Untracked 
|  88|0x00000000e5800000, 0x00000000e58df9a0, 0x00000000e5900000| 87%| S|CS|TAMS 0x00000000e5800000, 0x00000000e5800000| Complete 
|  89|0x00000000e5900000, 0x00000000e5a00000, 0x00000000e5a00000|100%| S|CS|TAMS 0x00000000e5900000, 0x00000000e5900000| Complete 
|  90|0x00000000e5a00000, 0x00000000e5b00000, 0x00000000e5b00000|100%| S|CS|TAMS 0x00000000e5a00000, 0x00000000e5a00000| Complete 
|  91|0x00000000e5b00000, 0x00000000e5c00000, 0x00000000e5c00000|100%| S|CS|TAMS 0x00000000e5b00000, 0x00000000e5b00000| Complete 
|  92|0x00000000e5c00000, 0x00000000e5d00000, 0x00000000e5d00000|100%| S|CS|TAMS 0x00000000e5c00000, 0x00000000e5c00000| Complete 
|  93|0x00000000e5d00000, 0x00000000e5e00000, 0x00000000e5e00000|100%| S|CS|TAMS 0x00000000e5d00000, 0x00000000e5d00000| Complete 
|  94|0x00000000e5e00000, 0x00000000e5f00000, 0x00000000e5f00000|100%| S|CS|TAMS 0x00000000e5e00000, 0x00000000e5e00000| Complete 
|  95|0x00000000e5f00000, 0x00000000e6000000, 0x00000000e6000000|100%| S|CS|TAMS 0x00000000e5f00000, 0x00000000e5f00000| Complete 
|  96|0x00000000e6000000, 0x00000000e6100000, 0x00000000e6100000|100%| S|CS|TAMS 0x00000000e6000000, 0x00000000e6000000| Complete 
|  97|0x00000000e6100000, 0x00000000e6200000, 0x00000000e6200000|100%| S|CS|TAMS 0x00000000e6100000, 0x00000000e6100000| Complete 
|  98|0x00000000e6200000, 0x00000000e6300000, 0x00000000e6300000|100%| S|CS|TAMS 0x00000000e6200000, 0x00000000e6200000| Complete 
|  99|0x00000000e6300000, 0x00000000e6400000, 0x00000000e6400000|100%| S|CS|TAMS 0x00000000e6300000, 0x00000000e6300000| Complete 
| 100|0x00000000e6400000, 0x00000000e6500000, 0x00000000e6500000|100%| S|CS|TAMS 0x00000000e6400000, 0x00000000e6400000| Complete 
| 101|0x00000000e6500000, 0x00000000e6600000, 0x00000000e6600000|100%| S|CS|TAMS 0x00000000e6500000, 0x00000000e6500000| Complete 
| 102|0x00000000e6600000, 0x00000000e6700000, 0x00000000e6700000|100%| S|CS|TAMS 0x00000000e6600000, 0x00000000e6600000| Complete 
| 103|0x00000000e6700000, 0x00000000e6700000, 0x00000000e6800000|  0%| F|  |TAMS 0x00000000e6700000, 0x00000000e6700000| Untracked 
| 104|0x00000000e6800000, 0x00000000e6800000, 0x00000000e6900000|  0%| F|  |TAMS 0x00000000e6800000, 0x00000000e6800000| Untracked 
| 105|0x00000000e6900000, 0x00000000e6900000, 0x00000000e6a00000|  0%| F|  |TAMS 0x00000000e6900000, 0x00000000e6900000| Untracked 
| 106|0x00000000e6a00000, 0x00000000e6a00000, 0x00000000e6b00000|  0%| F|  |TAMS 0x00000000e6a00000, 0x00000000e6a00000| Untracked 
| 107|0x00000000e6b00000, 0x00000000e6b00000, 0x00000000e6c00000|  0%| F|  |TAMS 0x00000000e6b00000, 0x00000000e6b00000| Untracked 
| 108|0x00000000e6c00000, 0x00000000e6c00000, 0x00000000e6d00000|  0%| F|  |TAMS 0x00000000e6c00000, 0x00000000e6c00000| Untracked 
| 109|0x00000000e6d00000, 0x00000000e6d00000, 0x00000000e6e00000|  0%| F|  |TAMS 0x00000000e6d00000, 0x00000000e6d00000| Untracked 
| 110|0x00000000e6e00000, 0x00000000e6e00000, 0x00000000e6f00000|  0%| F|  |TAMS 0x00000000e6e00000, 0x00000000e6e00000| Untracked 
| 111|0x00000000e6f00000, 0x00000000e6f00000, 0x00000000e7000000|  0%| F|  |TAMS 0x00000000e6f00000, 0x00000000e6f00000| Untracked 
| 112|0x00000000e7000000, 0x00000000e7000000, 0x00000000e7100000|  0%| F|  |TAMS 0x00000000e7000000, 0x00000000e7000000| Untracked 
| 113|0x00000000e7100000, 0x00000000e7100000, 0x00000000e7200000|  0%| F|  |TAMS 0x00000000e7100000, 0x00000000e7100000| Untracked 
| 114|0x00000000e7200000, 0x00000000e7200000, 0x00000000e7300000|  0%| F|  |TAMS 0x00000000e7200000, 0x00000000e7200000| Untracked 
| 115|0x00000000e7300000, 0x00000000e7300000, 0x00000000e7400000|  0%| F|  |TAMS 0x00000000e7300000, 0x00000000e7300000| Untracked 
| 116|0x00000000e7400000, 0x00000000e7400000, 0x00000000e7500000|  0%| F|  |TAMS 0x00000000e7400000, 0x00000000e7400000| Untracked 
| 117|0x00000000e7500000, 0x00000000e7500000, 0x00000000e7600000|  0%| F|  |TAMS 0x00000000e7500000, 0x00000000e7500000| Untracked 
| 118|0x00000000e7600000, 0x00000000e7600000, 0x00000000e7700000|  0%| F|  |TAMS 0x00000000e7600000, 0x00000000e7600000| Untracked 
| 119|0x00000000e7700000, 0x00000000e7700000, 0x00000000e7800000|  0%| F|  |TAMS 0x00000000e7700000, 0x00000000e7700000| Untracked 
| 120|0x00000000e7800000, 0x00000000e7800000, 0x00000000e7900000|  0%| F|  |TAMS 0x00000000e7800000, 0x00000000e7800000| Untracked 
| 121|0x00000000e7900000, 0x00000000e7900000, 0x00000000e7a00000|  0%| F|  |TAMS 0x00000000e7900000, 0x00000000e7900000| Untracked 
| 122|0x00000000e7a00000, 0x00000000e7a00000, 0x00000000e7b00000|  0%| F|  |TAMS 0x00000000e7a00000, 0x00000000e7a00000| Untracked 
| 123|0x00000000e7b00000, 0x00000000e7b00000, 0x00000000e7c00000|  0%| F|  |TAMS 0x00000000e7b00000, 0x00000000e7b00000| Untracked 
| 124|0x00000000e7c00000, 0x00000000e7c00000, 0x00000000e7d00000|  0%| F|  |TAMS 0x00000000e7c00000, 0x00000000e7c00000| Untracked 
| 125|0x00000000e7d00000, 0x00000000e7d00000, 0x00000000e7e00000|  0%| F|  |TAMS 0x00000000e7d00000, 0x00000000e7d00000| Untracked 
| 126|0x00000000e7e00000, 0x00000000e7e00000, 0x00000000e7f00000|  0%| F|  |TAMS 0x00000000e7e00000, 0x00000000e7e00000| Untracked 
| 127|0x00000000e7f00000, 0x00000000e7f00000, 0x00000000e8000000|  0%| F|  |TAMS 0x00000000e7f00000, 0x00000000e7f00000| Untracked 
| 128|0x00000000e8000000, 0x00000000e8000000, 0x00000000e8100000|  0%| F|  |TAMS 0x00000000e8000000, 0x00000000e8000000| Untracked 
| 129|0x00000000e8100000, 0x00000000e8100000, 0x00000000e8200000|  0%| F|  |TAMS 0x00000000e8100000, 0x00000000e8100000| Untracked 
| 130|0x00000000e8200000, 0x00000000e8200000, 0x00000000e8300000|  0%| F|  |TAMS 0x00000000e8200000, 0x00000000e8200000| Untracked 
| 131|0x00000000e8300000, 0x00000000e8300000, 0x00000000e8400000|  0%| F|  |TAMS 0x00000000e8300000, 0x00000000e8300000| Untracked 
| 132|0x00000000e8400000, 0x00000000e8400000, 0x00000000e8500000|  0%| F|  |TAMS 0x00000000e8400000, 0x00000000e8400000| Untracked 
| 133|0x00000000e8500000, 0x00000000e8500000, 0x00000000e8600000|  0%| F|  |TAMS 0x00000000e8500000, 0x00000000e8500000| Untracked 
| 134|0x00000000e8600000, 0x00000000e8600000, 0x00000000e8700000|  0%| F|  |TAMS 0x00000000e8600000, 0x00000000e8600000| Untracked 
| 135|0x00000000e8700000, 0x00000000e8700000, 0x00000000e8800000|  0%| F|  |TAMS 0x00000000e8700000, 0x00000000e8700000| Untracked 
| 136|0x00000000e8800000, 0x00000000e8800000, 0x00000000e8900000|  0%| F|  |TAMS 0x00000000e8800000, 0x00000000e8800000| Untracked 
| 137|0x00000000e8900000, 0x00000000e8900000, 0x00000000e8a00000|  0%| F|  |TAMS 0x00000000e8900000, 0x00000000e8900000| Untracked 
| 138|0x00000000e8a00000, 0x00000000e8a00000, 0x00000000e8b00000|  0%| F|  |TAMS 0x00000000e8a00000, 0x00000000e8a00000| Untracked 
| 139|0x00000000e8b00000, 0x00000000e8b00000, 0x00000000e8c00000|  0%| F|  |TAMS 0x00000000e8b00000, 0x00000000e8b00000| Untracked 
| 140|0x00000000e8c00000, 0x00000000e8c00000, 0x00000000e8d00000|  0%| F|  |TAMS 0x00000000e8c00000, 0x00000000e8c00000| Untracked 
| 141|0x00000000e8d00000, 0x00000000e8d00000, 0x00000000e8e00000|  0%| F|  |TAMS 0x00000000e8d00000, 0x00000000e8d00000| Untracked 
| 142|0x00000000e8e00000, 0x00000000e8e00000, 0x00000000e8f00000|  0%| F|  |TAMS 0x00000000e8e00000, 0x00000000e8e00000| Untracked 
| 143|0x00000000e8f00000, 0x00000000e8f00000, 0x00000000e9000000|  0%| F|  |TAMS 0x00000000e8f00000, 0x00000000e8f00000| Untracked 
| 144|0x00000000e9000000, 0x00000000e9000000, 0x00000000e9100000|  0%| F|  |TAMS 0x00000000e9000000, 0x00000000e9000000| Untracked 
| 145|0x00000000e9100000, 0x00000000e9100000, 0x00000000e9200000|  0%| F|  |TAMS 0x00000000e9100000, 0x00000000e9100000| Untracked 
| 146|0x00000000e9200000, 0x00000000e9200000, 0x00000000e9300000|  0%| F|  |TAMS 0x00000000e9200000, 0x00000000e9200000| Untracked 
| 147|0x00000000e9300000, 0x00000000e9300000, 0x00000000e9400000|  0%| F|  |TAMS 0x00000000e9300000, 0x00000000e9300000| Untracked 
| 148|0x00000000e9400000, 0x00000000e9400000, 0x00000000e9500000|  0%| F|  |TAMS 0x00000000e9400000, 0x00000000e9400000| Untracked 
| 149|0x00000000e9500000, 0x00000000e9500000, 0x00000000e9600000|  0%| F|  |TAMS 0x00000000e9500000, 0x00000000e9500000| Untracked 
| 150|0x00000000e9600000, 0x00000000e9600000, 0x00000000e9700000|  0%| F|  |TAMS 0x00000000e9600000, 0x00000000e9600000| Untracked 
| 151|0x00000000e9700000, 0x00000000e9700000, 0x00000000e9800000|  0%| F|  |TAMS 0x00000000e9700000, 0x00000000e9700000| Untracked 
| 152|0x00000000e9800000, 0x00000000e9800000, 0x00000000e9900000|  0%| F|  |TAMS 0x00000000e9800000, 0x00000000e9800000| Untracked 
| 153|0x00000000e9900000, 0x00000000e9900000, 0x00000000e9a00000|  0%| F|  |TAMS 0x00000000e9900000, 0x00000000e9900000| Untracked 
| 154|0x00000000e9a00000, 0x00000000e9a00000, 0x00000000e9b00000|  0%| F|  |TAMS 0x00000000e9a00000, 0x00000000e9a00000| Untracked 
| 155|0x00000000e9b00000, 0x00000000e9b00000, 0x00000000e9c00000|  0%| F|  |TAMS 0x00000000e9b00000, 0x00000000e9b00000| Untracked 
| 156|0x00000000e9c00000, 0x00000000e9c00000, 0x00000000e9d00000|  0%| F|  |TAMS 0x00000000e9c00000, 0x00000000e9c00000| Untracked 
| 157|0x00000000e9d00000, 0x00000000e9d00000, 0x00000000e9e00000|  0%| F|  |TAMS 0x00000000e9d00000, 0x00000000e9d00000| Untracked 
| 158|0x00000000e9e00000, 0x00000000e9e00000, 0x00000000e9f00000|  0%| F|  |TAMS 0x00000000e9e00000, 0x00000000e9e00000| Untracked 
| 159|0x00000000e9f00000, 0x00000000e9f00000, 0x00000000ea000000|  0%| F|  |TAMS 0x00000000e9f00000, 0x00000000e9f00000| Untracked 
| 160|0x00000000ea000000, 0x00000000ea000000, 0x00000000ea100000|  0%| F|  |TAMS 0x00000000ea000000, 0x00000000ea000000| Untracked 
| 161|0x00000000ea100000, 0x00000000ea100000, 0x00000000ea200000|  0%| F|  |TAMS 0x00000000ea100000, 0x00000000ea100000| Untracked 
| 162|0x00000000ea200000, 0x00000000ea200000, 0x00000000ea300000|  0%| F|  |TAMS 0x00000000ea200000, 0x00000000ea200000| Untracked 
| 163|0x00000000ea300000, 0x00000000ea300000, 0x00000000ea400000|  0%| F|  |TAMS 0x00000000ea300000, 0x00000000ea300000| Untracked 
| 164|0x00000000ea400000, 0x00000000ea400000, 0x00000000ea500000|  0%| F|  |TAMS 0x00000000ea400000, 0x00000000ea400000| Untracked 
| 165|0x00000000ea500000, 0x00000000ea500000, 0x00000000ea600000|  0%| F|  |TAMS 0x00000000ea500000, 0x00000000ea500000| Untracked 
| 166|0x00000000ea600000, 0x00000000ea600000, 0x00000000ea700000|  0%| F|  |TAMS 0x00000000ea600000, 0x00000000ea600000| Untracked 
| 167|0x00000000ea700000, 0x00000000ea700000, 0x00000000ea800000|  0%| F|  |TAMS 0x00000000ea700000, 0x00000000ea700000| Untracked 
| 168|0x00000000ea800000, 0x00000000ea800000, 0x00000000ea900000|  0%| F|  |TAMS 0x00000000ea800000, 0x00000000ea800000| Untracked 
| 169|0x00000000ea900000, 0x00000000ea900000, 0x00000000eaa00000|  0%| F|  |TAMS 0x00000000ea900000, 0x00000000ea900000| Untracked 
| 170|0x00000000eaa00000, 0x00000000eaa00000, 0x00000000eab00000|  0%| F|  |TAMS 0x00000000eaa00000, 0x00000000eaa00000| Untracked 
| 171|0x00000000eab00000, 0x00000000eab00000, 0x00000000eac00000|  0%| F|  |TAMS 0x00000000eab00000, 0x00000000eab00000| Untracked 
| 172|0x00000000eac00000, 0x00000000eac00000, 0x00000000ead00000|  0%| F|  |TAMS 0x00000000eac00000, 0x00000000eac00000| Untracked 
| 173|0x00000000ead00000, 0x00000000ead00000, 0x00000000eae00000|  0%| F|  |TAMS 0x00000000ead00000, 0x00000000ead00000| Untracked 
| 174|0x00000000eae00000, 0x00000000eae00000, 0x00000000eaf00000|  0%| F|  |TAMS 0x00000000eae00000, 0x00000000eae00000| Untracked 
| 175|0x00000000eaf00000, 0x00000000eaf00000, 0x00000000eb000000|  0%| F|  |TAMS 0x00000000eaf00000, 0x00000000eaf00000| Untracked 
| 176|0x00000000eb000000, 0x00000000eb000000, 0x00000000eb100000|  0%| F|  |TAMS 0x00000000eb000000, 0x00000000eb000000| Untracked 
| 177|0x00000000eb100000, 0x00000000eb100000, 0x00000000eb200000|  0%| F|  |TAMS 0x00000000eb100000, 0x00000000eb100000| Untracked 
| 178|0x00000000eb200000, 0x00000000eb200000, 0x00000000eb300000|  0%| F|  |TAMS 0x00000000eb200000, 0x00000000eb200000| Untracked 
| 179|0x00000000eb300000, 0x00000000eb300000, 0x00000000eb400000|  0%| F|  |TAMS 0x00000000eb300000, 0x00000000eb300000| Untracked 
| 180|0x00000000eb400000, 0x00000000eb400000, 0x00000000eb500000|  0%| F|  |TAMS 0x00000000eb400000, 0x00000000eb400000| Untracked 
| 181|0x00000000eb500000, 0x00000000eb500000, 0x00000000eb600000|  0%| F|  |TAMS 0x00000000eb500000, 0x00000000eb500000| Untracked 
| 182|0x00000000eb600000, 0x00000000eb600000, 0x00000000eb700000|  0%| F|  |TAMS 0x00000000eb600000, 0x00000000eb600000| Untracked 
| 183|0x00000000eb700000, 0x00000000eb700000, 0x00000000eb800000|  0%| F|  |TAMS 0x00000000eb700000, 0x00000000eb700000| Untracked 
| 184|0x00000000eb800000, 0x00000000eb800000, 0x00000000eb900000|  0%| F|  |TAMS 0x00000000eb800000, 0x00000000eb800000| Untracked 
| 185|0x00000000eb900000, 0x00000000eb900000, 0x00000000eba00000|  0%| F|  |TAMS 0x00000000eb900000, 0x00000000eb900000| Untracked 
| 186|0x00000000eba00000, 0x00000000eba00000, 0x00000000ebb00000|  0%| F|  |TAMS 0x00000000eba00000, 0x00000000eba00000| Untracked 
| 187|0x00000000ebb00000, 0x00000000ebb00000, 0x00000000ebc00000|  0%| F|  |TAMS 0x00000000ebb00000, 0x00000000ebb00000| Untracked 
| 188|0x00000000ebc00000, 0x00000000ebc00000, 0x00000000ebd00000|  0%| F|  |TAMS 0x00000000ebc00000, 0x00000000ebc00000| Untracked 
| 189|0x00000000ebd00000, 0x00000000ebd00000, 0x00000000ebe00000|  0%| F|  |TAMS 0x00000000ebd00000, 0x00000000ebd00000| Untracked 
| 190|0x00000000ebe00000, 0x00000000ebe00000, 0x00000000ebf00000|  0%| F|  |TAMS 0x00000000ebe00000, 0x00000000ebe00000| Untracked 
| 191|0x00000000ebf00000, 0x00000000ebf00000, 0x00000000ec000000|  0%| F|  |TAMS 0x00000000ebf00000, 0x00000000ebf00000| Untracked 
| 192|0x00000000ec000000, 0x00000000ec000000, 0x00000000ec100000|  0%| F|  |TAMS 0x00000000ec000000, 0x00000000ec000000| Untracked 
| 193|0x00000000ec100000, 0x00000000ec100000, 0x00000000ec200000|  0%| F|  |TAMS 0x00000000ec100000, 0x00000000ec100000| Untracked 
| 194|0x00000000ec200000, 0x00000000ec200000, 0x00000000ec300000|  0%| F|  |TAMS 0x00000000ec200000, 0x00000000ec200000| Untracked 
| 195|0x00000000ec300000, 0x00000000ec300000, 0x00000000ec400000|  0%| F|  |TAMS 0x00000000ec300000, 0x00000000ec300000| Untracked 
| 196|0x00000000ec400000, 0x00000000ec400000, 0x00000000ec500000|  0%| F|  |TAMS 0x00000000ec400000, 0x00000000ec400000| Untracked 
| 197|0x00000000ec500000, 0x00000000ec500000, 0x00000000ec600000|  0%| F|  |TAMS 0x00000000ec500000, 0x00000000ec500000| Untracked 
| 198|0x00000000ec600000, 0x00000000ec600000, 0x00000000ec700000|  0%| F|  |TAMS 0x00000000ec600000, 0x00000000ec600000| Untracked 
| 199|0x00000000ec700000, 0x00000000ec700000, 0x00000000ec800000|  0%| F|  |TAMS 0x00000000ec700000, 0x00000000ec700000| Untracked 
| 200|0x00000000ec800000, 0x00000000ec800000, 0x00000000ec900000|  0%| F|  |TAMS 0x00000000ec800000, 0x00000000ec800000| Untracked 
| 201|0x00000000ec900000, 0x00000000ec900000, 0x00000000eca00000|  0%| F|  |TAMS 0x00000000ec900000, 0x00000000ec900000| Untracked 
| 202|0x00000000eca00000, 0x00000000eca00000, 0x00000000ecb00000|  0%| F|  |TAMS 0x00000000eca00000, 0x00000000eca00000| Untracked 
| 203|0x00000000ecb00000, 0x00000000ecb00000, 0x00000000ecc00000|  0%| F|  |TAMS 0x00000000ecb00000, 0x00000000ecb00000| Untracked 
| 204|0x00000000ecc00000, 0x00000000ecc00000, 0x00000000ecd00000|  0%| F|  |TAMS 0x00000000ecc00000, 0x00000000ecc00000| Untracked 
| 205|0x00000000ecd00000, 0x00000000ecd00000, 0x00000000ece00000|  0%| F|  |TAMS 0x00000000ecd00000, 0x00000000ecd00000| Untracked 
| 206|0x00000000ece00000, 0x00000000ece00000, 0x00000000ecf00000|  0%| F|  |TAMS 0x00000000ece00000, 0x00000000ece00000| Untracked 
| 207|0x00000000ecf00000, 0x00000000ecf00000, 0x00000000ed000000|  0%| F|  |TAMS 0x00000000ecf00000, 0x00000000ecf00000| Untracked 
| 208|0x00000000ed000000, 0x00000000ed000000, 0x00000000ed100000|  0%| F|  |TAMS 0x00000000ed000000, 0x00000000ed000000| Untracked 
| 209|0x00000000ed100000, 0x00000000ed100000, 0x00000000ed200000|  0%| F|  |TAMS 0x00000000ed100000, 0x00000000ed100000| Untracked 
| 210|0x00000000ed200000, 0x00000000ed200000, 0x00000000ed300000|  0%| F|  |TAMS 0x00000000ed200000, 0x00000000ed200000| Untracked 
| 211|0x00000000ed300000, 0x00000000ed300000, 0x00000000ed400000|  0%| F|  |TAMS 0x00000000ed300000, 0x00000000ed300000| Untracked 
| 212|0x00000000ed400000, 0x00000000ed400000, 0x00000000ed500000|  0%| F|  |TAMS 0x00000000ed400000, 0x00000000ed400000| Untracked 
| 213|0x00000000ed500000, 0x00000000ed500000, 0x00000000ed600000|  0%| F|  |TAMS 0x00000000ed500000, 0x00000000ed500000| Untracked 
| 214|0x00000000ed600000, 0x00000000ed600000, 0x00000000ed700000|  0%| F|  |TAMS 0x00000000ed600000, 0x00000000ed600000| Untracked 
| 215|0x00000000ed700000, 0x00000000ed700000, 0x00000000ed800000|  0%| F|  |TAMS 0x00000000ed700000, 0x00000000ed700000| Untracked 
| 216|0x00000000ed800000, 0x00000000ed800000, 0x00000000ed900000|  0%| F|  |TAMS 0x00000000ed800000, 0x00000000ed800000| Untracked 
| 217|0x00000000ed900000, 0x00000000ed900000, 0x00000000eda00000|  0%| F|  |TAMS 0x00000000ed900000, 0x00000000ed900000| Untracked 
| 218|0x00000000eda00000, 0x00000000eda00000, 0x00000000edb00000|  0%| F|  |TAMS 0x00000000eda00000, 0x00000000eda00000| Untracked 
| 219|0x00000000edb00000, 0x00000000edb00000, 0x00000000edc00000|  0%| F|  |TAMS 0x00000000edb00000, 0x00000000edb00000| Untracked 
| 220|0x00000000edc00000, 0x00000000edc00000, 0x00000000edd00000|  0%| F|  |TAMS 0x00000000edc00000, 0x00000000edc00000| Untracked 
| 221|0x00000000edd00000, 0x00000000edd00000, 0x00000000ede00000|  0%| F|  |TAMS 0x00000000edd00000, 0x00000000edd00000| Untracked 
| 222|0x00000000ede00000, 0x00000000ede00000, 0x00000000edf00000|  0%| F|  |TAMS 0x00000000ede00000, 0x00000000ede00000| Untracked 
| 223|0x00000000edf00000, 0x00000000edf00000, 0x00000000ee000000|  0%| F|  |TAMS 0x00000000edf00000, 0x00000000edf00000| Untracked 
| 224|0x00000000ee000000, 0x00000000ee000000, 0x00000000ee100000|  0%| F|  |TAMS 0x00000000ee000000, 0x00000000ee000000| Untracked 
| 225|0x00000000ee100000, 0x00000000ee100000, 0x00000000ee200000|  0%| F|  |TAMS 0x00000000ee100000, 0x00000000ee100000| Untracked 
| 226|0x00000000ee200000, 0x00000000ee200000, 0x00000000ee300000|  0%| F|  |TAMS 0x00000000ee200000, 0x00000000ee200000| Untracked 
| 227|0x00000000ee300000, 0x00000000ee300000, 0x00000000ee400000|  0%| F|  |TAMS 0x00000000ee300000, 0x00000000ee300000| Untracked 
| 228|0x00000000ee400000, 0x00000000ee400000, 0x00000000ee500000|  0%| F|  |TAMS 0x00000000ee400000, 0x00000000ee400000| Untracked 
| 229|0x00000000ee500000, 0x00000000ee500000, 0x00000000ee600000|  0%| F|  |TAMS 0x00000000ee500000, 0x00000000ee500000| Untracked 
| 230|0x00000000ee600000, 0x00000000ee600000, 0x00000000ee700000|  0%| F|  |TAMS 0x00000000ee600000, 0x00000000ee600000| Untracked 
| 231|0x00000000ee700000, 0x00000000ee700000, 0x00000000ee800000|  0%| F|  |TAMS 0x00000000ee700000, 0x00000000ee700000| Untracked 
| 232|0x00000000ee800000, 0x00000000ee800000, 0x00000000ee900000|  0%| F|  |TAMS 0x00000000ee800000, 0x00000000ee800000| Untracked 
| 233|0x00000000ee900000, 0x00000000ee900000, 0x00000000eea00000|  0%| F|  |TAMS 0x00000000ee900000, 0x00000000ee900000| Untracked 
| 234|0x00000000eea00000, 0x00000000eea00000, 0x00000000eeb00000|  0%| F|  |TAMS 0x00000000eea00000, 0x00000000eea00000| Untracked 
| 235|0x00000000eeb00000, 0x00000000eeb00000, 0x00000000eec00000|  0%| F|  |TAMS 0x00000000eeb00000, 0x00000000eeb00000| Untracked 
| 236|0x00000000eec00000, 0x00000000eec00000, 0x00000000eed00000|  0%| F|  |TAMS 0x00000000eec00000, 0x00000000eec00000| Untracked 
| 237|0x00000000eed00000, 0x00000000eed00000, 0x00000000eee00000|  0%| F|  |TAMS 0x00000000eed00000, 0x00000000eed00000| Untracked 
| 238|0x00000000eee00000, 0x00000000eee00000, 0x00000000eef00000|  0%| F|  |TAMS 0x00000000eee00000, 0x00000000eee00000| Untracked 
| 239|0x00000000eef00000, 0x00000000eef747a0, 0x00000000ef000000| 45%| E|  |TAMS 0x00000000eef00000, 0x00000000eef00000| Complete 
| 240|0x00000000ef000000, 0x00000000ef100000, 0x00000000ef100000|100%| E|CS|TAMS 0x00000000ef000000, 0x00000000ef000000| Complete 
| 241|0x00000000ef100000, 0x00000000ef200000, 0x00000000ef200000|100%| E|CS|TAMS 0x00000000ef100000, 0x00000000ef100000| Complete 
| 242|0x00000000ef200000, 0x00000000ef300000, 0x00000000ef300000|100%| E|CS|TAMS 0x00000000ef200000, 0x00000000ef200000| Complete 
| 243|0x00000000ef300000, 0x00000000ef400000, 0x00000000ef400000|100%| E|CS|TAMS 0x00000000ef300000, 0x00000000ef300000| Complete 
| 244|0x00000000ef400000, 0x00000000ef500000, 0x00000000ef500000|100%| E|CS|TAMS 0x00000000ef400000, 0x00000000ef400000| Complete 
| 245|0x00000000ef500000, 0x00000000ef600000, 0x00000000ef600000|100%| E|CS|TAMS 0x00000000ef500000, 0x00000000ef500000| Complete 
| 246|0x00000000ef600000, 0x00000000ef700000, 0x00000000ef700000|100%| E|CS|TAMS 0x00000000ef600000, 0x00000000ef600000| Complete 
| 247|0x00000000ef700000, 0x00000000ef800000, 0x00000000ef800000|100%| E|  |TAMS 0x00000000ef700000, 0x00000000ef700000| Complete 
| 248|0x00000000ef800000, 0x00000000ef900000, 0x00000000ef900000|100%| E|CS|TAMS 0x00000000ef800000, 0x00000000ef800000| Complete 
| 249|0x00000000ef900000, 0x00000000efa00000, 0x00000000efa00000|100%| E|CS|TAMS 0x00000000ef900000, 0x00000000ef900000| Complete 
| 250|0x00000000efa00000, 0x00000000efb00000, 0x00000000efb00000|100%| E|CS|TAMS 0x00000000efa00000, 0x00000000efa00000| Complete 
| 251|0x00000000efb00000, 0x00000000efc00000, 0x00000000efc00000|100%| E|CS|TAMS 0x00000000efb00000, 0x00000000efb00000| Complete 
| 252|0x00000000efc00000, 0x00000000efd00000, 0x00000000efd00000|100%| E|CS|TAMS 0x00000000efc00000, 0x00000000efc00000| Complete 
| 253|0x00000000efd00000, 0x00000000efe00000, 0x00000000efe00000|100%| E|CS|TAMS 0x00000000efd00000, 0x00000000efd00000| Complete 
| 254|0x00000000efe00000, 0x00000000eff00000, 0x00000000eff00000|100%| E|CS|TAMS 0x00000000efe00000, 0x00000000efe00000| Complete 
| 255|0x00000000eff00000, 0x00000000f0000000, 0x00000000f0000000|100%| E|CS|TAMS 0x00000000eff00000, 0x00000000eff00000| Complete 

Card table byte_map: [0x0000021a382e0000,0x0000021a383e0000] _byte_map_base: 0x0000021a37be0000

Marking Bits (Prev, Next): (CMBitMap*) 0x0000021a1fb3e8a0, (CMBitMap*) 0x0000021a1fb3e860
 Prev Bits: [0x0000021a38ce0000, 0x0000021a394e0000)
 Next Bits: [0x0000021a384e0000, 0x0000021a38ce0000)

Polling page: 0x0000021a1fbe0000

Metaspace:

Usage:
  Non-class:     44.61 MB used.
      Class:      7.29 MB used.
       Both:     51.90 MB used.

Virtual space:
  Non-class space:       64.00 MB reserved,      45.00 MB ( 70%) committed,  1 nodes.
      Class space:      208.00 MB reserved,       7.62 MB (  4%) committed,  1 nodes.
             Both:      272.00 MB reserved,      52.62 MB ( 19%) committed. 

Chunk freelists:
   Non-Class:  2.85 MB
       Class:  8.27 MB
        Both:  11.12 MB

MaxMetaspaceSize: 256.00 MB
CompressedClassSpaceSize: 208.00 MB
Initial GC threshold: 21.00 MB
Current GC threshold: 75.25 MB
CDS: on
MetaspaceReclaimPolicy: balanced
 - commit_granule_bytes: 65536.
 - commit_granule_words: 8192.
 - virtual_space_node_default_size: 8388608.
 - enlarge_chunks_in_place: 1.
 - new_chunks_are_fully_committed: 0.
 - uncommit_free_chunks: 1.
 - use_allocation_guard: 0.
 - handle_deallocations: 1.


Internal statistics:

num_allocs_failed_limit: 9.
num_arena_births: 998.
num_arena_deaths: 0.
num_vsnodes_births: 2.
num_vsnodes_deaths: 0.
num_space_committed: 842.
num_space_uncommitted: 0.
num_chunks_returned_to_freelist: 9.
num_chunks_taken_from_freelist: 3292.
num_chunk_merges: 9.
num_chunk_splits: 2014.
num_chunks_enlarged: 1151.
num_inconsistent_stats: 0.

CodeHeap 'non-profiled nmethods': size=120000Kb used=4739Kb max_used=4739Kb free=115260Kb
 bounds [0x0000021a30690000, 0x0000021a30b40000, 0x0000021a37bc0000]
CodeHeap 'profiled nmethods': size=120000Kb used=16021Kb max_used=16021Kb free=103978Kb
 bounds [0x0000021a28bc0000, 0x0000021a29b70000, 0x0000021a300f0000]
CodeHeap 'non-nmethods': size=5760Kb used=2345Kb max_used=2412Kb free=3415Kb
 bounds [0x0000021a300f0000, 0x0000021a30360000, 0x0000021a30690000]
 total_blobs=8903 nmethods=8040 adapters=774
 compilation: enabled
              stopped_count=0, restarted_count=0
 full_count=0

Compilation events (20 events):
Event: 206.501 Thread 0x0000021a3badd120 nmethod 8797 0x0000021a30b30510 code [0x0000021a30b306a0, 0x0000021a30b30778]
Event: 206.515 Thread 0x0000021a3badd120 8798   !   3       sun.nio.ch.SocketChannelImpl::beginWrite (52 bytes)
Event: 206.515 Thread 0x0000021a3badd120 nmethod 8798 0x0000021a29b5e690 code [0x0000021a29b5e8a0, 0x0000021a29b5eea8]
Event: 206.516 Thread 0x0000021a3badd120 8799       3       sun.nio.ch.IOUtil::write (12 bytes)
Event: 206.517 Thread 0x0000021a3badd120 nmethod 8799 0x0000021a29b5f190 code [0x0000021a29b5f320, 0x0000021a29b5f448]
Event: 206.517 Thread 0x0000021a3badd120 8800   !   3       sun.nio.ch.IOUtil::writeFromNativeBuffer (173 bytes)
Event: 206.518 Thread 0x0000021a3badd120 nmethod 8800 0x0000021a29b5f510 code [0x0000021a29b5f7c0, 0x0000021a29b605b8]
Event: 206.518 Thread 0x0000021a3badd120 8801   !   3       sun.nio.ch.SocketChannelImpl::endWrite (46 bytes)
Event: 206.519 Thread 0x0000021a3badd120 nmethod 8801 0x0000021a29b60c90 code [0x0000021a29b60e60, 0x0000021a29b611f8]
Event: 207.508 Thread 0x0000021a3bad85b0 8802       4       java.util.concurrent.locks.AbstractQueuedSynchronizer$Node::getAndUnsetStatus (14 bytes)
Event: 207.509 Thread 0x0000021a3bad85b0 nmethod 8802 0x0000021a30b30810 code [0x0000021a30b30980, 0x0000021a30b30a38]
Event: 207.759 Thread 0x0000021a3bad85b0 8803       4       java.util.concurrent.locks.AbstractQueuedSynchronizer$Node::clearStatus (12 bytes)
Event: 207.760 Thread 0x0000021a3bad85b0 nmethod 8803 0x0000021a30b30b10 code [0x0000021a30b30c80, 0x0000021a30b30cf8]
Event: 209.077 Thread 0x0000021a3badd120 8804       3       org.gradle.internal.snapshot.AbstractListChildMap::invalidate (72 bytes)
Event: 209.080 Thread 0x0000021a3badd120 nmethod 8804 0x0000021a29b61390 code [0x0000021a29b616a0, 0x0000021a29b62c08]
Event: 209.081 Thread 0x0000021a3badd120 8805       3       org.gradle.internal.snapshot.AbstractIncompleteFileSystemNode::invalidate (65 bytes)
Event: 209.082 Thread 0x0000021a3badd120 nmethod 8805 0x0000021a29b63310 code [0x0000021a29b63620, 0x0000021a29b64a98]
Event: 209.082 Thread 0x0000021a3badd120 8806       3       org.gradle.internal.snapshot.AbstractIncompleteFileSystemNode$1::<init> (20 bytes)
Event: 209.082 Thread 0x0000021a3badd120 nmethod 8806 0x0000021a29b65110 code [0x0000021a29b652c0, 0x0000021a29b65538]
Event: 211.999 Thread 0x0000021a3bad85b0 8807   !   4       java.util.concurrent.locks.AbstractQueuedSynchronizer::acquire (407 bytes)

GC Heap History (14 events):
Event: 0.823 GC heap before
{Heap before GC invocations=0 (full 0):
 garbage-first heap   total 262144K, used 13312K [0x00000000e0000000, 0x0000000100000000)
  region size 1024K, 13 young (13312K), 0 survivors (0K)
 Metaspace       used 975K, committed 1088K, reserved 278528K
  class space    used 74K, committed 128K, reserved 212992K
}
Event: 0.829 GC heap after
{Heap after GC invocations=1 (full 0):
 garbage-first heap   total 262144K, used 3444K [0x00000000e0000000, 0x0000000100000000)
  region size 1024K, 2 young (2048K), 2 survivors (2048K)
 Metaspace       used 975K, committed 1088K, reserved 278528K
  class space    used 74K, committed 128K, reserved 212992K
}
Event: 1.848 GC heap before
{Heap before GC invocations=1 (full 0):
 garbage-first heap   total 262144K, used 22900K [0x00000000e0000000, 0x0000000100000000)
  region size 1024K, 17 young (17408K), 2 survivors (2048K)
 Metaspace       used 3860K, committed 4032K, reserved 278528K
  class space    used 474K, committed 576K, reserved 212992K
}
Event: 1.853 GC heap after
{Heap after GC invocations=2 (full 0):
 garbage-first heap   total 262144K, used 10477K [0x00000000e0000000, 0x0000000100000000)
  region size 1024K, 3 young (3072K), 3 survivors (3072K)
 Metaspace       used 3860K, committed 4032K, reserved 278528K
  class space    used 474K, committed 576K, reserved 212992K
}
Event: 2.387 GC heap before
{Heap before GC invocations=2 (full 0):
 garbage-first heap   total 262144K, used 33005K [0x00000000e0000000, 0x0000000100000000)
  region size 1024K, 24 young (24576K), 3 survivors (3072K)
 Metaspace       used 3943K, committed 4096K, reserved 278528K
  class space    used 475K, committed 576K, reserved 212992K
}
Event: 2.392 GC heap after
{Heap after GC invocations=3 (full 0):
 garbage-first heap   total 262144K, used 12285K [0x00000000e0000000, 0x0000000100000000)
  region size 1024K, 2 young (2048K), 2 survivors (2048K)
 Metaspace       used 3943K, committed 4096K, reserved 278528K
  class space    used 475K, committed 576K, reserved 212992K
}
Event: 6.962 GC heap before
{Heap before GC invocations=3 (full 0):
 garbage-first heap   total 262144K, used 116733K [0x00000000e0000000, 0x0000000100000000)
  region size 1024K, 105 young (107520K), 2 survivors (2048K)
 Metaspace       used 21177K, committed 21504K, reserved 278528K
  class space    used 3159K, committed 3328K, reserved 212992K
}
Event: 6.981 GC heap after
{Heap after GC invocations=4 (full 0):
 garbage-first heap   total 262144K, used 21933K [0x00000000e0000000, 0x0000000100000000)
  region size 1024K, 12 young (12288K), 12 survivors (12288K)
 Metaspace       used 21177K, committed 21504K, reserved 278528K
  class space    used 3159K, committed 3328K, reserved 212992K
}
Event: 10.888 GC heap before
{Heap before GC invocations=5 (full 0):
 garbage-first heap   total 262144K, used 127405K [0x00000000e0000000, 0x0000000100000000)
  region size 1024K, 113 young (115712K), 12 survivors (12288K)
 Metaspace       used 35582K, committed 35968K, reserved 278528K
  class space    used 4936K, committed 5120K, reserved 212992K
}
Event: 10.914 GC heap after
{Heap after GC invocations=6 (full 0):
 garbage-first heap   total 262144K, used 31605K [0x00000000e0000000, 0x0000000100000000)
  region size 1024K, 9 young (9216K), 9 survivors (9216K)
 Metaspace       used 35582K, committed 35968K, reserved 278528K
  class space    used 4936K, committed 5120K, reserved 212992K
}
Event: 14.951 GC heap before
{Heap before GC invocations=7 (full 0):
 garbage-first heap   total 262144K, used 141173K [0x00000000e0000000, 0x0000000100000000)
  region size 1024K, 116 young (118784K), 9 survivors (9216K)
 Metaspace       used 45607K, committed 46144K, reserved 278528K
  class space    used 6434K, committed 6656K, reserved 212992K
}
Event: 14.974 GC heap after
{Heap after GC invocations=8 (full 0):
 garbage-first heap   total 262144K, used 40248K [0x00000000e0000000, 0x0000000100000000)
  region size 1024K, 10 young (10240K), 10 survivors (10240K)
 Metaspace       used 45607K, committed 46144K, reserved 278528K
  class space    used 6434K, committed 6656K, reserved 212992K
}
Event: 203.584 GC heap before
{Heap before GC invocations=9 (full 0):
 garbage-first heap   total 262144K, used 188728K [0x00000000e0000000, 0x0000000100000000)
  region size 1024K, 153 young (156672K), 10 survivors (10240K)
 Metaspace       used 53026K, committed 53760K, reserved 278528K
  class space    used 7448K, committed 7808K, reserved 212992K
}
Event: 203.795 GC heap after
{Heap after GC invocations=10 (full 0):
 garbage-first heap   total 262144K, used 45504K [0x00000000e0000000, 0x0000000100000000)
  region size 1024K, 15 young (15360K), 15 survivors (15360K)
 Metaspace       used 53026K, committed 53760K, reserved 278528K
  class space    used 7448K, committed 7808K, reserved 212992K
}

Deoptimization events (20 events):
Event: 156.631 Thread 0x0000021a4fd90460 DEOPT PACKING pc=0x0000021a28d4bbe9 sp=0x0000008b88dfe100
Event: 156.633 Thread 0x0000021a4fd90460 DEOPT UNPACKING pc=0x0000021a30142b43 sp=0x0000008b88dfd658 mode 0
Event: 156.635 Thread 0x0000021a4fd90460 DEOPT PACKING pc=0x0000021a28d4bbe9 sp=0x0000008b88dfe100
Event: 156.635 Thread 0x0000021a4fd90460 DEOPT UNPACKING pc=0x0000021a30142b43 sp=0x0000008b88dfd658 mode 0
Event: 156.638 Thread 0x0000021a4fd90460 DEOPT PACKING pc=0x0000021a28d4bbe9 sp=0x0000008b88dfe100
Event: 156.638 Thread 0x0000021a4fd90460 DEOPT UNPACKING pc=0x0000021a30142b43 sp=0x0000008b88dfd658 mode 0
Event: 156.639 Thread 0x0000021a4fd90460 DEOPT PACKING pc=0x0000021a28d4bbe9 sp=0x0000008b88dfe030
Event: 156.639 Thread 0x0000021a4fd90460 DEOPT UNPACKING pc=0x0000021a30142b43 sp=0x0000008b88dfd588 mode 0
Event: 156.639 Thread 0x0000021a4fd90460 DEOPT PACKING pc=0x0000021a28d4bbe9 sp=0x0000008b88dfe030
Event: 156.639 Thread 0x0000021a4fd90460 DEOPT UNPACKING pc=0x0000021a30142b43 sp=0x0000008b88dfd588 mode 0
Event: 182.485 Thread 0x0000021a4ee6a470 Uncommon trap: trap_request=0xffffff45 fr.pc=0x0000021a30ace5b8 relative=0x0000000000000138
Event: 182.485 Thread 0x0000021a4ee6a470 Uncommon trap: reason=unstable_if action=reinterpret pc=0x0000021a30ace5b8 method=java.util.concurrent.locks.ReentrantLock$NonfairSync.tryAcquire(I)Z @ 13 c2
Event: 182.485 Thread 0x0000021a4ee6a470 DEOPT PACKING pc=0x0000021a30ace5b8 sp=0x0000008b895ff190
Event: 182.485 Thread 0x0000021a4ee6a470 DEOPT UNPACKING pc=0x0000021a301423a3 sp=0x0000008b895ff140 mode 2
Event: 202.595 Thread 0x0000021a4fd89500 Uncommon trap: trap_request=0xffffffc6 fr.pc=0x0000021a307d0fe8 relative=0x0000000000000788
Event: 202.596 Thread 0x0000021a4fd89500 Uncommon trap: reason=bimorphic_or_optimized_type_check action=maybe_recompile pc=0x0000021a307d0fe8 method=java.util.stream.MatchOps$MatchOp.evaluateSequential(Ljava/util/stream/PipelineHelper;Ljava/util/Spliterator;)Ljava/lang/Boolean; @ 14 c2
Event: 202.596 Thread 0x0000021a4fd89500 DEOPT PACKING pc=0x0000021a307d0fe8 sp=0x0000008b847fb370
Event: 202.596 Thread 0x0000021a4fd89500 DEOPT UNPACKING pc=0x0000021a301423a3 sp=0x0000008b847fb2a8 mode 2
Event: 204.274 Thread 0x0000021a52bf4e00 DEOPT PACKING pc=0x0000021a2969cee1 sp=0x0000008b857f8e20
Event: 204.274 Thread 0x0000021a52bf4e00 DEOPT UNPACKING pc=0x0000021a30142b43 sp=0x0000008b857f83a0 mode 0

Classes unloaded (0 events):
No events

Classes redefined (0 events):
No events

Internal exceptions (20 events):
Event: 138.146 Thread 0x0000021a4fd8ff50 Exception <a 'sun/nio/fs/WindowsException'{0x00000000eae05170}> (0x00000000eae05170) 
thrown [s\open\src\hotspot\share\prims\jni.cpp, line 516]
Event: 142.204 Thread 0x0000021a4f69ea50 Exception <a 'java/lang/reflect/InvocationTargetException'{0x00000000e9b7ee48}> (0x00000000e9b7ee48) 
thrown [s\open\src\hotspot\share\runtime\reflection.cpp, line 1121]
Event: 142.230 Thread 0x0000021a4fd90970 Exception <a 'java/lang/reflect/InvocationTargetException'{0x00000000e998e5c0}> (0x00000000e998e5c0) 
thrown [s\open\src\hotspot\share\runtime\reflection.cpp, line 1121]
Event: 142.264 Thread 0x0000021a4fd8e0f0 Exception <a 'java/lang/NoSuchMethodError'{0x00000000eb1f7890}: static Lorg/gradle/internal/build/event/types/DefaultTaskFailureResult;.<clinit>()V> (0x00000000eb1f7890) 
thrown [s\open\src\hotspot\share\prims\jni.cpp, line 1112]
Event: 142.273 Thread 0x0000021a4fd8e0f0 Exception <a 'java/lang/NoSuchMethodError'{0x00000000e99f6000}: static Lorg/gradle/internal/build/event/types/DefaultFailure;.<clinit>()V> (0x00000000e99f6000) 
thrown [s\open\src\hotspot\share\prims\jni.cpp, line 1112]
Event: 142.656 Thread 0x0000021a4fd8b870 Exception <a 'java/lang/NoSuchMethodError'{0x00000000e977adb0}: static Lorg/gradle/tooling/internal/provider/serialization/ClassLoaderDetails;.<clinit>()V> (0x00000000e977adb0) 
thrown [s\open\src\hotspot\share\prims\jni.cpp, line 1112]
Event: 142.660 Thread 0x0000021a4fd8b870 Exception <a 'java/lang/NoSuchMethodError'{0x00000000e978c7c0}: static Lorg/gradle/tooling/internal/provider/serialization/WellKnownClassLoaderRegistry$KnownClassLoaderSpec;.<clinit>()V> (0x00000000e978c7c0) 
thrown [s\open\src\hotspot\share\prims\jni.cpp, line 1112]
Event: 142.661 Thread 0x0000021a4fd8b870 Exception <a 'java/lang/NoSuchMethodError'{0x00000000e978de38}: static Lorg/gradle/internal/classloader/ClassLoaderSpec;.<clinit>()V> (0x00000000e978de38) 
thrown [s\open\src\hotspot\share\prims\jni.cpp, line 1112]
Event: 142.667 Thread 0x0000021a4fd8b870 Exception <a 'java/lang/NoSuchMethodError'{0x00000000e979fa90}: static Lorg/gradle/internal/classloader/ClassLoaderSpec;.<clinit>()V> (0x00000000e979fa90) 
thrown [s\open\src\hotspot\share\prims\jni.cpp, line 1112]
Event: 142.671 Thread 0x0000021a4fd8b870 Exception <a 'java/lang/NoSuchMethodError'{0x00000000e97ab7f8}: static Lorg/gradle/internal/classloader/VisitableURLClassLoader$Spec;.<clinit>()V> (0x00000000e97ab7f8) 
thrown [s\open\src\hotspot\share\prims\jni.cpp, line 1112]
Event: 155.859 Thread 0x0000021a4f69b7b0 Exception <a 'sun/nio/fs/WindowsException'{0x00000000e9196fa8}> (0x00000000e9196fa8) 
thrown [s\open\src\hotspot\share\prims\jni.cpp, line 516]
Event: 155.860 Thread 0x0000021a4f69b7b0 Exception <a 'sun/nio/fs/WindowsException'{0x00000000e9198b20}> (0x00000000e9198b20) 
thrown [s\open\src\hotspot\share\prims\jni.cpp, line 516]
Event: 155.861 Thread 0x0000021a4f69b7b0 Exception <a 'sun/nio/fs/WindowsException'{0x00000000e919a5d8}> (0x00000000e919a5d8) 
thrown [s\open\src\hotspot\share\prims\jni.cpp, line 516]
Event: 155.862 Thread 0x0000021a4f69b7b0 Exception <a 'sun/nio/fs/WindowsException'{0x00000000e919bde8}> (0x00000000e919bde8) 
thrown [s\open\src\hotspot\share\prims\jni.cpp, line 516]
Event: 155.870 Thread 0x0000021a4f69db20 Exception <a 'sun/nio/fs/WindowsException'{0x00000000e8a76f60}> (0x00000000e8a76f60) 
thrown [s\open\src\hotspot\share\prims\jni.cpp, line 516]
Event: 203.211 Thread 0x0000021a52bf4e00 Exception <a 'sun/nio/fs/WindowsException'{0x00000000e6acd5c0}> (0x00000000e6acd5c0) 
thrown [s\open\src\hotspot\share\prims\jni.cpp, line 516]
Event: 203.214 Thread 0x0000021a52bf4e00 Exception <a 'sun/nio/fs/WindowsException'{0x00000000e6acf138}> (0x00000000e6acf138) 
thrown [s\open\src\hotspot\share\prims\jni.cpp, line 516]
Event: 203.216 Thread 0x0000021a52bf4e00 Exception <a 'sun/nio/fs/WindowsException'{0x00000000e6ad0bf0}> (0x00000000e6ad0bf0) 
thrown [s\open\src\hotspot\share\prims\jni.cpp, line 516]
Event: 203.216 Thread 0x0000021a52bf4e00 Exception <a 'sun/nio/fs/WindowsException'{0x00000000e6ad2400}> (0x00000000e6ad2400) 
thrown [s\open\src\hotspot\share\prims\jni.cpp, line 516]
Event: 203.224 Thread 0x0000021a52bf4e00 Exception <a 'sun/nio/fs/WindowsException'{0x00000000e6ada330}> (0x00000000e6ada330) 
thrown [s\open\src\hotspot\share\prims\jni.cpp, line 516]

VM Operations (20 events):
Event: 176.251 Executing VM operation: Cleanup
Event: 176.252 Executing VM operation: Cleanup done
Event: 178.272 Executing VM operation: Cleanup
Event: 178.274 Executing VM operation: Cleanup done
Event: 180.235 Executing VM operation: HandshakeAllThreads
Event: 180.236 Executing VM operation: HandshakeAllThreads done
Event: 182.258 Executing VM operation: Cleanup
Event: 182.258 Executing VM operation: Cleanup done
Event: 183.264 Executing VM operation: Cleanup
Event: 183.264 Executing VM operation: Cleanup done
Event: 184.265 Executing VM operation: Cleanup
Event: 184.265 Executing VM operation: Cleanup done
Event: 202.438 Executing VM operation: Cleanup
Event: 202.439 Executing VM operation: Cleanup done
Event: 203.440 Executing VM operation: Cleanup
Event: 203.441 Executing VM operation: Cleanup done
Event: 203.575 Executing VM operation: G1CollectForAllocation
Event: 203.798 Executing VM operation: G1CollectForAllocation done
Event: 204.805 Executing VM operation: Cleanup
Event: 204.805 Executing VM operation: Cleanup done

Events (20 events):
Event: 203.571 Thread 0x0000021a4f6a17e0 Thread added: 0x0000021a4f6a17e0
Event: 203.571 Thread 0x0000021a4f69e030 Thread added: 0x0000021a4f69e030
Event: 203.571 Thread 0x0000021a4f6a1cf0 Thread added: 0x0000021a4f6a1cf0
Event: 203.572 Thread 0x0000021a4f6a03a0 Thread added: 0x0000021a4f6a03a0
Event: 203.572 Thread 0x0000021a4f6a0dc0 Thread added: 0x0000021a4f6a0dc0
Event: 203.572 Thread 0x0000021a4fd8d6d0 Thread added: 0x0000021a4fd8d6d0
Event: 203.572 Thread 0x0000021a4fd8a430 Thread added: 0x0000021a4fd8a430
Event: 203.573 Thread 0x0000021a4fd8e0f0 Thread added: 0x0000021a4fd8e0f0
Event: 203.573 Thread 0x0000021a4fd8c290 Thread added: 0x0000021a4fd8c290
Event: 203.573 Thread 0x0000021a4fd8c7a0 Thread added: 0x0000021a4fd8c7a0
Event: 204.064 Thread 0x0000021a4fd8a940 Thread added: 0x0000021a4fd8a940
Event: 204.086 Thread 0x0000021a4fd8e600 Thread added: 0x0000021a4fd8e600
Event: 204.368 Thread 0x0000021a4fd8eb10 Thread added: 0x0000021a4fd8eb10
Event: 204.509 Thread 0x0000021a4fd8fa40 Thread added: 0x0000021a4fd8fa40
Event: 204.530 Thread 0x0000021a4fd8f530 Thread added: 0x0000021a4fd8f530
Event: 204.953 Thread 0x0000021a4fd8f530 Thread exited: 0x0000021a4fd8f530
Event: 205.702 Thread 0x0000021a4fd8ff50 Thread added: 0x0000021a4fd8ff50
Event: 205.704 Thread 0x0000021a4fd8f020 Thread added: 0x0000021a4fd8f020
Event: 205.713 Thread 0x0000021a4fd8f530 Thread added: 0x0000021a4fd8f530
Event: 205.713 Thread 0x0000021a4fd90460 Thread added: 0x0000021a4fd90460


Dynamic libraries:
0x00007ff7de760000 - 0x00007ff7de770000 	C:\Program Files\Java\jdk-17\bin\java.exe
0x00007ff8d0440000 - 0x00007ff8d06a8000 	C:\WINDOWS\SYSTEM32\ntdll.dll
0x00007ff8cf940000 - 0x00007ff8cfa09000 	C:\WINDOWS\System32\KERNEL32.DLL
0x00007ff8cdb80000 - 0x00007ff8cdf71000 	C:\WINDOWS\System32\KERNELBASE.dll
0x00007ff8ccd20000 - 0x00007ff8cce6b000 	C:\WINDOWS\System32\ucrtbase.dll
0x00007ff89d860000 - 0x00007ff89d87b000 	C:\Program Files\Java\jdk-17\bin\VCRUNTIME140.dll
0x00007ff89dc80000 - 0x00007ff89dc99000 	C:\Program Files\Java\jdk-17\bin\jli.dll
0x00007ff8cf880000 - 0x00007ff8cf934000 	C:\WINDOWS\System32\ADVAPI32.dll
0x00007ff8cf400000 - 0x00007ff8cf4a9000 	C:\WINDOWS\System32\msvcrt.dll
0x00007ff8cf1f0000 - 0x00007ff8cf296000 	C:\WINDOWS\System32\sechost.dll
0x00007ff8ce2c0000 - 0x00007ff8ce3d8000 	C:\WINDOWS\System32\RPCRT4.dll
0x00007ff8cf4e0000 - 0x00007ff8cf6a6000 	C:\WINDOWS\System32\USER32.dll
0x00007ff8cdf80000 - 0x00007ff8cdfa7000 	C:\WINDOWS\System32\win32u.dll
0x00007ff8ce600000 - 0x00007ff8ce62b000 	C:\WINDOWS\System32\GDI32.dll
0x00007ff8ccfb0000 - 0x00007ff8cd0db000 	C:\WINDOWS\System32\gdi32full.dll
0x00007ff8cce70000 - 0x00007ff8ccf13000 	C:\WINDOWS\System32\msvcp_win.dll
0x00007ff8b4030000 - 0x00007ff8b42c3000 	C:\WINDOWS\WinSxS\amd64_microsoft.windows.common-controls_6595b64144ccf1df_6.0.26100.7824_none_3e0870b2e3345462\COMCTL32.dll
0x00007ff8c7ed0000 - 0x00007ff8c7edb000 	C:\WINDOWS\SYSTEM32\VERSION.dll
0x00007ff8cf740000 - 0x00007ff8cf771000 	C:\WINDOWS\System32\IMM32.DLL
0x00007ff8a2030000 - 0x00007ff8a203c000 	C:\Program Files\Java\jdk-17\bin\vcruntime140_1.dll
0x00007ff870860000 - 0x00007ff8708ee000 	C:\Program Files\Java\jdk-17\bin\msvcp140.dll
0x00007ff830610000 - 0x00007ff8311f0000 	C:\Program Files\Java\jdk-17\bin\server\jvm.dll
0x00007ff8cfa30000 - 0x00007ff8cfa38000 	C:\WINDOWS\System32\PSAPI.DLL
0x00007ff8ca5d0000 - 0x00007ff8ca5da000 	C:\WINDOWS\SYSTEM32\WSOCK32.dll
0x00007ff8ce1e0000 - 0x00007ff8ce254000 	C:\WINDOWS\System32\WS2_32.dll
0x00007ff8c5a60000 - 0x00007ff8c5a95000 	C:\WINDOWS\SYSTEM32\WINMM.dll
0x00007ff8cbac0000 - 0x00007ff8cbadb000 	C:\WINDOWS\SYSTEM32\kernel.appcore.dll
0x00007ff8a1e20000 - 0x00007ff8a1e2a000 	C:\Program Files\Java\jdk-17\bin\jimage.dll
0x00007ff8c0e30000 - 0x00007ff8c1072000 	C:\WINDOWS\SYSTEM32\DBGHELP.DLL
0x00007ff8cff20000 - 0x00007ff8d02a6000 	C:\WINDOWS\System32\combase.dll
0x00007ff8cf2a0000 - 0x00007ff8cf377000 	C:\WINDOWS\System32\OLEAUT32.dll
0x00007ff8b22f0000 - 0x00007ff8b232b000 	C:\WINDOWS\SYSTEM32\dbgcore.DLL
0x00007ff8ce130000 - 0x00007ff8ce1d5000 	C:\WINDOWS\System32\bcryptPrimitives.dll
0x00007ff89d440000 - 0x00007ff89d465000 	C:\Program Files\Java\jdk-17\bin\java.dll
0x00007ff86c5b0000 - 0x00007ff86c687000 	C:\Program Files\Java\jdk-17\bin\jsvml.dll
0x00007ff8ce630000 - 0x00007ff8ced82000 	C:\WINDOWS\System32\SHELL32.dll
0x00007ff8cd0e0000 - 0x00007ff8cd24a000 	C:\WINDOWS\System32\wintypes.dll
0x00007ff8cd310000 - 0x00007ff8cdb73000 	C:\WINDOWS\System32\windows.storage.dll
0x00007ff8ced90000 - 0x00007ff8cee86000 	C:\WINDOWS\System32\SHCORE.dll
0x00007ff8cf6d0000 - 0x00007ff8cf737000 	C:\WINDOWS\System32\shlwapi.dll
0x00007ff8ccc40000 - 0x00007ff8ccc69000 	C:\WINDOWS\SYSTEM32\profapi.dll
0x00007ff89d520000 - 0x00007ff89d539000 	C:\Program Files\Java\jdk-17\bin\net.dll
0x00007ff8c30e0000 - 0x00007ff8c3207000 	C:\WINDOWS\SYSTEM32\WINHTTP.dll
0x00007ff8cc030000 - 0x00007ff8cc09b000 	C:\WINDOWS\system32\mswsock.dll
0x00007ff89d4c0000 - 0x00007ff89d4d6000 	C:\Program Files\Java\jdk-17\bin\nio.dll
0x00007ff89d420000 - 0x00007ff89d438000 	C:\Program Files\Java\jdk-17\bin\zip.dll
0x00007ff89da30000 - 0x00007ff89da40000 	C:\Program Files\Java\jdk-17\bin\verify.dll
0x00007ff8c3590000 - 0x00007ff8c35b7000 	C:\Users\MD MOSABBIR\.gradle\native\68d5fa5c4cc2d200863cafc0d521ce42e7d3e7ee720ec0a83991735586a16f82\windows-amd64\native-platform.dll
0x00007ff86c460000 - 0x00007ff86c5a4000 	C:\Users\MD MOSABBIR\.gradle\native\e376f236ea51e6404a007f0833ffe2c6e607c4080706a723a18a27aeea778392\windows-amd64\native-platform-file-events.dll
0x00007ff8ca6b0000 - 0x00007ff8ca6ba000 	C:\Program Files\Java\jdk-17\bin\management.dll
0x00007ff8ca6a0000 - 0x00007ff8ca6ab000 	C:\Program Files\Java\jdk-17\bin\management_ext.dll
0x00007ff8cc310000 - 0x00007ff8cc32b000 	C:\WINDOWS\SYSTEM32\CRYPTSP.dll
0x00007ff8cba20000 - 0x00007ff8cba59000 	C:\WINDOWS\system32\rsaenh.dll
0x00007ff8cc0e0000 - 0x00007ff8cc10b000 	C:\WINDOWS\SYSTEM32\USERENV.dll
0x00007ff8ccc10000 - 0x00007ff8ccc3a000 	C:\WINDOWS\SYSTEM32\bcrypt.dll
0x00007ff8cc300000 - 0x00007ff8cc30c000 	C:\WINDOWS\SYSTEM32\CRYPTBASE.dll
0x00007ff8cb4e0000 - 0x00007ff8cb514000 	C:\WINDOWS\SYSTEM32\IPHLPAPI.DLL
0x00007ff8cfa20000 - 0x00007ff8cfa2a000 	C:\WINDOWS\System32\NSI.dll
0x00007ff8c3970000 - 0x00007ff8c398e000 	C:\WINDOWS\SYSTEM32\dhcpcsvc6.DLL
0x00007ff8c2ff0000 - 0x00007ff8c3013000 	C:\WINDOWS\SYSTEM32\dhcpcsvc.DLL
0x00007ff8cb5d0000 - 0x00007ff8cb6fc000 	C:\WINDOWS\SYSTEM32\DNSAPI.dll
0x00007ff8c01a0000 - 0x00007ff8c01ae000 	C:\Program Files\Java\jdk-17\bin\sunmscapi.dll
0x00007ff8cdfb0000 - 0x00007ff8ce127000 	C:\WINDOWS\System32\CRYPT32.dll
0x00007ff8cc520000 - 0x00007ff8cc550000 	C:\WINDOWS\SYSTEM32\ncrypt.dll
0x00007ff8cc4d0000 - 0x00007ff8cc50f000 	C:\WINDOWS\SYSTEM32\NTASN1.dll
0x00007ff84c9e0000 - 0x00007ff84c9e8000 	C:\WINDOWS\system32\wshunix.dll

dbghelp: loaded successfully - version: 4.0.5 - missing functions: none
symbol engine: initialized successfully - sym options: 0x614 - pdb path: .;C:\Program Files\Java\jdk-17\bin;C:\WINDOWS\SYSTEM32;C:\WINDOWS\WinSxS\amd64_microsoft.windows.common-controls_6595b64144ccf1df_6.0.26100.7824_none_3e0870b2e3345462;C:\Program Files\Java\jdk-17\bin\server;C:\Users\MD MOSABBIR\.gradle\native\68d5fa5c4cc2d200863cafc0d521ce42e7d3e7ee720ec0a83991735586a16f82\windows-amd64;C:\Users\MD MOSABBIR\.gradle\native\e376f236ea51e6404a007f0833ffe2c6e607c4080706a723a18a27aeea778392\windows-amd64

VM Arguments:
jvm_args: --add-opens=java.base/java.util=ALL-UNNAMED --add-opens=java.base/java.lang=ALL-UNNAMED --add-opens=java.base/java.lang.invoke=ALL-UNNAMED --add-opens=java.prefs/java.util.prefs=ALL-UNNAMED --add-opens=java.base/java.nio.charset=ALL-UNNAMED --add-opens=java.base/java.net=ALL-UNNAMED --add-opens=java.base/java.util.concurrent.atomic=ALL-UNNAMED -XX:MaxMetaspaceSize=256m -XX:+HeapDumpOnOutOfMemoryError -Xms256m -Xmx512m -Dfile.encoding=windows-1252 -Duser.country=SG -Duser.language=en -Duser.variant 
java_command: org.gradle.launcher.daemon.bootstrap.GradleDaemon 8.0
java_class_path (initial): C:\Users\MD MOSABBIR\.gradle\wrapper\dists\gradle-8.0-bin\ca5e32bp14vu59qr306oxotwh\gradle-8.0\lib\gradle-launcher-8.0.jar
Launcher Type: SUN_STANDARD

[Global flags]
     intx CICompilerCount                          = 3                                         {product} {ergonomic}
   size_t CompressedClassSpaceSize                 = 218103808                                 {product} {ergonomic}
     uint ConcGCThreads                            = 1                                         {product} {ergonomic}
     uint G1ConcRefinementThreads                  = 4                                         {product} {ergonomic}
   size_t G1HeapRegionSize                         = 1048576                                   {product} {ergonomic}
    uintx GCDrainStackTargetSize                   = 64                                        {product} {ergonomic}
     bool HeapDumpOnOutOfMemoryError               = true                                   {manageable} {command line}
   size_t InitialHeapSize                          = 268435456                                 {product} {command line}
   size_t MarkStackSize                            = 4194304                                   {product} {ergonomic}
   size_t MaxHeapSize                              = 536870912                                 {product} {command line}
   size_t MaxMetaspaceSize                         = 268435456                                 {product} {command line}
   size_t MaxNewSize                               = 321912832                                 {product} {ergonomic}
   size_t MinHeapDeltaBytes                        = 1048576                                   {product} {ergonomic}
   size_t MinHeapSize                              = 268435456                                 {product} {command line}
    uintx NonNMethodCodeHeapSize                   = 5832780                                {pd product} {ergonomic}
    uintx NonProfiledCodeHeapSize                  = 122912730                              {pd product} {ergonomic}
    uintx ProfiledCodeHeapSize                     = 122912730                              {pd product} {ergonomic}
    uintx ReservedCodeCacheSize                    = 251658240                              {pd product} {ergonomic}
     bool SegmentedCodeCache                       = true                                      {product} {ergonomic}
   size_t SoftMaxHeapSize                          = 536870912                              {manageable} {ergonomic}
     bool UseCompressedClassPointers               = true                           {product lp64_product} {ergonomic}
     bool UseCompressedOops                        = true                           {product lp64_product} {ergonomic}
     bool UseG1GC                                  = true                                      {product} {ergonomic}
     bool UseLargePagesIndividualAllocation        = false                                  {pd product} {ergonomic}

Logging:
Log output configuration:
 #0: stdout all=warning uptime,level,tags
 #1: stderr all=off uptime,level,tags

Environment Variables:
JAVA_HOME=C:\Program Files\Java\jdk-17
PATH=C:\Program Files\MySQL\MySQL Server 8.0\bin;C:\Program Files\Git\cmd;C:\Program Files\MySQL\MySQL Shell 8.0\bin\;C:\Program Files (x86)\MySQL\MySQL Server 5.0\my.ini;C:\Users\MD MOSABBIR\AppData\Local\Programs\Microsoft VS Code\bin
USERNAME=MD MOSABBIR
OS=Windows_NT
PROCESSOR_IDENTIFIER=AMD64 Family 23 Model 24 Stepping 1, AuthenticAMD



---------------  S Y S T E M  ---------------

OS:
 Windows 11 , 64 bit Build 26100 (10.0.26100.7705)
OS uptime: 2 days 2:38 hours

CPU: total 4 (initial active 4) (4 cores per cpu, 2 threads per core) family 23 model 24 stepping 1 microcode 0x8108109, cx8, cmov, fxsr, ht, mmx, 3dnowpref, sse, sse2, sse3, ssse3, sse4a, sse4.1, sse4.2, popcnt, lzcnt, tsc, tscinvbit, avx, avx2, aes, clmul, bmi1, bmi2, adx, sha, fma, vzeroupper, clflush, clflushopt

Memory: 4k page, system-wide physical 3503M (164M free)
TotalPageFile size 14255M (AvailPageFile size 9M)
current process WorkingSet (physical memory assigned to process): 155M, peak: 336M
current process commit charge ("private bytes"): 455M, peak: 481M

vm_info: Java HotSpot(TM) 64-Bit Server VM (17.0.11+7-LTS-207) for windows-amd64 JRE (17.0.11+7-LTS-207), built on Mar 11 2024 19:01:50 by "mach5one" with MS VC++ 17.6 (VS2022)

END.
