#
# There is insufficient memory for the Java Runtime Environment to continue.
# Native memory allocation (malloc) failed to allocate 197312 bytes for Chunk::new
# Possible reasons:
#   The system is out of physical RAM or swap space
#   The process is running with CompressedOops enabled, and the Java Heap may be blocking the growth of the native heap
# Possible solutions:
#   Reduce memory load on the system
#   Increase physical memory or swap space
#   Check if swap backing store is full
#   Decrease Java heap size (-Xmx/-Xms)
#   Decrease number of Java threads
#   Decrease Java thread stack sizes (-Xss)
#   Set larger code cache with -XX:ReservedCodeCacheSize=
#   JVM is running with Unscaled Compressed Oops mode in which the Java heap is
#     placed in the first 4GB address space. The Java Heap base address is the
#     maximum limit for the native heap growth. Please use -XX:HeapBaseMinAddress
#     to set the Java Heap base and to place the Java Heap above 4GB virtual address.
# This output file may be truncated or incomplete.
#
#  Out of Memory Error (arena.cpp:189), pid=2092, tid=12000
#
# JRE version: Java(TM) SE Runtime Environment (17.0.11+7) (build 17.0.11+7-LTS-207)
# Java VM: Java HotSpot(TM) 64-Bit Server VM (17.0.11+7-LTS-207, mixed mode, sharing, tiered, compressed oops, compressed class ptrs, g1 gc, windows-amd64)
# No core dump will be written. Minidumps are not enabled by default on client versions of Windows
#

---------------  S U M M A R Y ------------

Command Line: -Dorg.gradle.internal.worker.tmpdir=D:\Java code\batch14\selenimWithPom14\build\tmp\test\work -Dorg.gradle.native=false -Xmx512m -Dfile.encoding=windows-1252 -Duser.country=SG -Duser.language=en -Duser.variant -ea worker.org.gradle.process.internal.worker.GradleWorkerMain 'Gradle Test Executor 2'

Host: AMD Ryzen 3 3250U with Radeon Graphics         , 4 cores, 3G,  Windows 11 , 64 bit Build 26100 (10.0.26100.7705)
Time: Fri Feb 13 11:21:12 2026 Bangladesh Standard Time elapsed time: 14.587130 seconds (0d 0h 0m 14s)

---------------  T H R E A D  ---------------

Current thread (0x000001b329b28370):  JavaThread "C2 CompilerThread0" daemon [_thread_in_native, id=12000, stack(0x0000006220500000,0x0000006220600000)]


Current CompileTask:
C2:  14588 2029   !   4       java.util.zip.ZipFile::getEntry (59 bytes)

Stack: [0x0000006220500000,0x0000006220600000]
Native frames: (J=compiled Java code, j=interpreted, Vv=VM code, C=native code)
V  [jvm.dll+0x679cca]
V  [jvm.dll+0x7da13d]
V  [jvm.dll+0x7dba83]
V  [jvm.dll+0x7dc0f3]
V  [jvm.dll+0x2449af]
V  [jvm.dll+0xab83b]
V  [jvm.dll+0xabe1c]
V  [jvm.dll+0x3615ae]
V  [jvm.dll+0x32bd61]
V  [jvm.dll+0x32b1fa]
V  [jvm.dll+0x2161df]
V  [jvm.dll+0x21560f]
V  [jvm.dll+0x1a2040]
V  [jvm.dll+0x225a2b]
V  [jvm.dll+0x223bcb]
V  [jvm.dll+0x7903ec]
V  [jvm.dll+0x78a85a]
V  [jvm.dll+0x678bb5]
C  [ucrtbase.dll+0x37b0]
C  [KERNEL32.DLL+0x2e8d7]
C  [ntdll.dll+0x8c40c]


---------------  P R O C E S S  ---------------

Threads class SMR info:
_java_thread_list=0x000001b3709ab7c0, length=27, elements={
0x000001b30db806e0, 0x000001b30dc386c0, 0x000001b30dc3ceb0, 0x000001b329b207e0,
0x000001b329b22ec0, 0x000001b329b23490, 0x000001b329b23a60, 0x000001b329b28370,
0x000001b329b3ce60, 0x000001b329b91a20, 0x000001b36f070c30, 0x000001b36f078f50,
0x000001b36f6c9790, 0x000001b36f737ad0, 0x000001b36f775f80, 0x000001b36fb624f0,
0x000001b36fb68e80, 0x000001b36fb69360, 0x000001b36fb30ab0, 0x000001b36fb2f670,
0x000001b36fb30fc0, 0x000001b36fb32400, 0x000001b36fb314d0, 0x000001b36fb319e0,
0x000001b36fb32910, 0x000001b36fb32e20, 0x000001b36fb305a0
}

Java Threads: ( => current thread )
  0x000001b30db806e0 JavaThread "Forwarding newSession on session null to remote" [_thread_blocked, id=18068, stack(0x000000621f800000,0x000000621f900000)]
  0x000001b30dc386c0 JavaThread "Reference Handler" daemon [_thread_blocked, id=17612, stack(0x000000621ff00000,0x0000006220000000)]
  0x000001b30dc3ceb0 JavaThread "Finalizer" daemon [_thread_blocked, id=17832, stack(0x0000006220000000,0x0000006220100000)]
  0x000001b329b207e0 JavaThread "Signal Dispatcher" daemon [_thread_blocked, id=3796, stack(0x0000006220100000,0x0000006220200000)]
  0x000001b329b22ec0 JavaThread "Attach Listener" daemon [_thread_blocked, id=12436, stack(0x0000006220200000,0x0000006220300000)]
  0x000001b329b23490 JavaThread "Service Thread" daemon [_thread_blocked, id=6136, stack(0x0000006220300000,0x0000006220400000)]
  0x000001b329b23a60 JavaThread "Monitor Deflation Thread" daemon [_thread_blocked, id=12076, stack(0x0000006220400000,0x0000006220500000)]
=>0x000001b329b28370 JavaThread "C2 CompilerThread0" daemon [_thread_in_native, id=12000, stack(0x0000006220500000,0x0000006220600000)]
  0x000001b329b3ce60 JavaThread "C1 CompilerThread0" daemon [_thread_blocked, id=14276, stack(0x0000006220600000,0x0000006220700000)]
  0x000001b329b91a20 JavaThread "Sweeper thread" daemon [_thread_blocked, id=11408, stack(0x0000006220700000,0x0000006220800000)]
  0x000001b36f070c30 JavaThread "Notification Thread" daemon [_thread_blocked, id=14900, stack(0x0000006220800000,0x0000006220900000)]
  0x000001b36f078f50 JavaThread "Common-Cleaner" daemon [_thread_blocked, id=1892, stack(0x0000006220a00000,0x0000006220b00000)]
  0x000001b36f6c9790 JavaThread "/127.0.0.1:52514 to /127.0.0.1:52513 workers" [_thread_blocked, id=17140, stack(0x0000006220c00000,0x0000006220d00000)]
  0x000001b36f737ad0 JavaThread "/127.0.0.1:52514 to /127.0.0.1:52513 workers Thread 2" [_thread_blocked, id=8860, stack(0x0000006221100000,0x0000006221200000)]
  0x000001b36f775f80 JavaThread "/127.0.0.1:52514 to /127.0.0.1:52513 workers Thread 3" [_thread_in_native, id=5676, stack(0x0000006221200000,0x0000006221300000)]
  0x000001b36fb624f0 JavaThread "ForkJoinPool.commonPool-worker-1" daemon [_thread_blocked, id=11100, stack(0x0000006221300000,0x0000006221400000)]
  0x000001b36fb68e80 JavaThread "ForkJoinPool.commonPool-worker-2" daemon [_thread_blocked, id=11776, stack(0x0000006221400000,0x0000006221500000)]
  0x000001b36fb69360 JavaThread "ForkJoinPool.commonPool-worker-3" daemon [_thread_blocked, id=17116, stack(0x0000006221500000,0x0000006221600000)]
  0x000001b36fb30ab0 JavaThread "HttpClient-1-SelectorManager" daemon [_thread_in_native, id=4700, stack(0x0000006221600000,0x0000006221700000)]
  0x000001b36fb2f670 JavaThread "External Process Output Forwarder - C:\Users\MD MOSABBIR\.cache\selenium\geckodriver\win64\0.36.0\geckodriver.exe" daemon [_thread_in_native, id=12228, stack(0x0000006221700000,0x0000006221800000)]
  0x000001b36fb30fc0 JavaThread "Driver Service Executor" daemon [_thread_blocked, id=17456, stack(0x0000006221800000,0x0000006221900000)]
  0x000001b36fb32400 JavaThread "Driver Service Executor" daemon [_thread_in_native, id=15444, stack(0x0000006221900000,0x0000006221a00000)]
  0x000001b36fb314d0 JavaThread "JdkHttpClient-0-0" daemon [_thread_in_Java, id=11220, stack(0x0000006221a00000,0x0000006221b00000)]
  0x000001b36fb319e0 JavaThread "CompletableFutureDelayScheduler" daemon [_thread_blocked, id=10476, stack(0x0000006221b00000,0x0000006221c00000)]
  0x000001b36fb32910 JavaThread "JdkHttpClient-0-1" daemon [_thread_blocked, id=916, stack(0x0000006221c00000,0x0000006221d00000)]
  0x000001b36fb32e20 JavaThread "JdkHttpClient-0-2" daemon [_thread_blocked, id=12396, stack(0x0000006221d00000,0x0000006221e00000)]
  0x000001b36fb305a0 JavaThread "JdkHttpClient-0-3" daemon [_thread_blocked, id=14188, stack(0x0000006221e00000,0x0000006221f00000)]

Other Threads:
  0x000001b30dc33070 VMThread "VM Thread" [stack: 0x000000621fe00000,0x000000621ff00000] [id=8232]
  0x000001b36f075130 WatcherThread [stack: 0x0000006220900000,0x0000006220a00000] [id=16492]
  0x000001b30dbb6170 GCTaskThread "GC Thread#0" [stack: 0x000000621f900000,0x000000621fa00000] [id=12600]
  0x000001b36f6c9f10 GCTaskThread "GC Thread#1" [stack: 0x0000006220d00000,0x0000006220e00000] [id=7832]
  0x000001b36f095d70 GCTaskThread "GC Thread#2" [stack: 0x0000006220e00000,0x0000006220f00000] [id=14080]
  0x000001b36f6c35b0 GCTaskThread "GC Thread#3" [stack: 0x0000006220f00000,0x0000006221000000] [id=12788]
  0x000001b30dbcbda0 ConcurrentGCThread "G1 Main Marker" [stack: 0x000000621fa00000,0x000000621fb00000] [id=7240]
  0x000001b30dbcde00 ConcurrentGCThread "G1 Conc#0" [stack: 0x000000621fb00000,0x000000621fc00000] [id=8712]
  0x000001b30dc15160 ConcurrentGCThread "G1 Refine#0" [stack: 0x000000621fc00000,0x000000621fd00000] [id=16752]
  0x000001b36f6764d0 ConcurrentGCThread "G1 Refine#1" [stack: 0x0000006221000000,0x0000006221100000] [id=7788]
  0x000001b30dc17650 ConcurrentGCThread "G1 Service" [stack: 0x000000621fd00000,0x000000621fe00000] [id=1164]

Threads with active compile tasks:
C2 CompilerThread0    14639 2029   !   4       java.util.zip.ZipFile::getEntry (59 bytes)

VM state: not at safepoint (normal execution)

VM Mutex/Monitor currently owned by a thread: None

Heap address: 0x00000000e0000000, size: 512 MB, Compressed Oops mode: 32-bit

CDS archive(s) mapped at: [0x000001b32a000000-0x000001b32abd0000-0x000001b32abd0000), size 12386304, SharedBaseAddress: 0x000001b32a000000, ArchiveRelocationMode: 1.
Compressed class space mapped at: 0x000001b32b000000-0x000001b36b000000, reserved size: 1073741824
Narrow klass base: 0x000001b32a000000, Narrow klass shift: 0, Narrow klass range: 0x100000000

GC Precious Log:
 CPUs: 4 total, 4 available
 Memory: 3503M
 Large Page Support: Disabled
 NUMA Support: Disabled
 Compressed Oops: Enabled (32-bit)
 Heap Region Size: 1M
 Heap Min Capacity: 8M
 Heap Initial Capacity: 56M
 Heap Max Capacity: 512M
 Pre-touch: Disabled
 Parallel Workers: 4
 Concurrent Workers: 1
 Concurrent Refinement Workers: 4
 Periodic GC: Disabled

Heap:
 garbage-first heap   total 57344K, used 11748K [0x00000000e0000000, 0x0000000100000000)
  region size 1024K, 8 young (8192K), 3 survivors (3072K)
 Metaspace       used 15950K, committed 16320K, reserved 1114112K
  class space    used 2050K, committed 2240K, reserved 1048576K

Heap Regions: E=young(eden), S=young(survivor), O=old, HS=humongous(starts), HC=humongous(continues), CS=collection set, F=free, OA=open archive, CA=closed archive, TAMS=top-at-mark-start (previous, next)
|   0|0x00000000e0000000, 0x00000000e0100000, 0x00000000e0100000|100%|HS|  |TAMS 0x00000000e0000000, 0x00000000e0000000| Complete 
|   1|0x00000000e0100000, 0x00000000e0200000, 0x00000000e0200000|100%| O|  |TAMS 0x00000000e0100000, 0x00000000e0100000| Untracked 
|   2|0x00000000e0200000, 0x00000000e0300000, 0x00000000e0300000|100%| O|  |TAMS 0x00000000e0200000, 0x00000000e0200000| Untracked 
|   3|0x00000000e0300000, 0x00000000e0400000, 0x00000000e0400000|100%| O|  |TAMS 0x00000000e0300000, 0x00000000e0300000| Untracked 
|   4|0x00000000e0400000, 0x00000000e0500000, 0x00000000e0500000|100%| O|  |TAMS 0x00000000e0400000, 0x00000000e0400000| Untracked 
|   5|0x00000000e0500000, 0x00000000e058a400, 0x00000000e0600000| 54%| O|  |TAMS 0x00000000e0500000, 0x00000000e0500000| Untracked 
|   6|0x00000000e0600000, 0x00000000e0600000, 0x00000000e0700000|  0%| F|  |TAMS 0x00000000e0600000, 0x00000000e0600000| Untracked 
|   7|0x00000000e0700000, 0x00000000e0700000, 0x00000000e0800000|  0%| F|  |TAMS 0x00000000e0700000, 0x00000000e0700000| Untracked 
|   8|0x00000000e0800000, 0x00000000e0800000, 0x00000000e0900000|  0%| F|  |TAMS 0x00000000e0800000, 0x00000000e0800000| Untracked 
|   9|0x00000000e0900000, 0x00000000e0900000, 0x00000000e0a00000|  0%| F|  |TAMS 0x00000000e0900000, 0x00000000e0900000| Untracked 
|  10|0x00000000e0a00000, 0x00000000e0a00000, 0x00000000e0b00000|  0%| F|  |TAMS 0x00000000e0a00000, 0x00000000e0a00000| Untracked 
|  11|0x00000000e0b00000, 0x00000000e0b00000, 0x00000000e0c00000|  0%| F|  |TAMS 0x00000000e0b00000, 0x00000000e0b00000| Untracked 
|  12|0x00000000e0c00000, 0x00000000e0c00000, 0x00000000e0d00000|  0%| F|  |TAMS 0x00000000e0c00000, 0x00000000e0c00000| Untracked 
|  13|0x00000000e0d00000, 0x00000000e0d00000, 0x00000000e0e00000|  0%| F|  |TAMS 0x00000000e0d00000, 0x00000000e0d00000| Untracked 
|  14|0x00000000e0e00000, 0x00000000e0e00000, 0x00000000e0f00000|  0%| F|  |TAMS 0x00000000e0e00000, 0x00000000e0e00000| Untracked 
|  15|0x00000000e0f00000, 0x00000000e0f00000, 0x00000000e1000000|  0%| F|  |TAMS 0x00000000e0f00000, 0x00000000e0f00000| Untracked 
|  16|0x00000000e1000000, 0x00000000e1000000, 0x00000000e1100000|  0%| F|  |TAMS 0x00000000e1000000, 0x00000000e1000000| Untracked 
|  17|0x00000000e1100000, 0x00000000e1100000, 0x00000000e1200000|  0%| F|  |TAMS 0x00000000e1100000, 0x00000000e1100000| Untracked 
|  18|0x00000000e1200000, 0x00000000e1200000, 0x00000000e1300000|  0%| F|  |TAMS 0x00000000e1200000, 0x00000000e1200000| Untracked 
|  19|0x00000000e1300000, 0x00000000e1300000, 0x00000000e1400000|  0%| F|  |TAMS 0x00000000e1300000, 0x00000000e1300000| Untracked 
|  20|0x00000000e1400000, 0x00000000e1400000, 0x00000000e1500000|  0%| F|  |TAMS 0x00000000e1400000, 0x00000000e1400000| Untracked 
|  21|0x00000000e1500000, 0x00000000e1500000, 0x00000000e1600000|  0%| F|  |TAMS 0x00000000e1500000, 0x00000000e1500000| Untracked 
|  22|0x00000000e1600000, 0x00000000e1600000, 0x00000000e1700000|  0%| F|  |TAMS 0x00000000e1600000, 0x00000000e1600000| Untracked 
|  23|0x00000000e1700000, 0x00000000e1700000, 0x00000000e1800000|  0%| F|  |TAMS 0x00000000e1700000, 0x00000000e1700000| Untracked 
|  24|0x00000000e1800000, 0x00000000e1800000, 0x00000000e1900000|  0%| F|  |TAMS 0x00000000e1800000, 0x00000000e1800000| Untracked 
|  25|0x00000000e1900000, 0x00000000e1900000, 0x00000000e1a00000|  0%| F|  |TAMS 0x00000000e1900000, 0x00000000e1900000| Untracked 
|  26|0x00000000e1a00000, 0x00000000e1a00000, 0x00000000e1b00000|  0%| F|  |TAMS 0x00000000e1a00000, 0x00000000e1a00000| Untracked 
|  27|0x00000000e1b00000, 0x00000000e1b00000, 0x00000000e1c00000|  0%| F|  |TAMS 0x00000000e1b00000, 0x00000000e1b00000| Untracked 
|  28|0x00000000e1c00000, 0x00000000e1c00000, 0x00000000e1d00000|  0%| F|  |TAMS 0x00000000e1c00000, 0x00000000e1c00000| Untracked 
|  29|0x00000000e1d00000, 0x00000000e1d00000, 0x00000000e1e00000|  0%| F|  |TAMS 0x00000000e1d00000, 0x00000000e1d00000| Untracked 
|  30|0x00000000e1e00000, 0x00000000e1e00000, 0x00000000e1f00000|  0%| F|  |TAMS 0x00000000e1e00000, 0x00000000e1e00000| Untracked 
|  31|0x00000000e1f00000, 0x00000000e1f00000, 0x00000000e2000000|  0%| F|  |TAMS 0x00000000e1f00000, 0x00000000e1f00000| Untracked 
|  32|0x00000000e2000000, 0x00000000e2000000, 0x00000000e2100000|  0%| F|  |TAMS 0x00000000e2000000, 0x00000000e2000000| Untracked 
|  33|0x00000000e2100000, 0x00000000e2100000, 0x00000000e2200000|  0%| F|  |TAMS 0x00000000e2100000, 0x00000000e2100000| Untracked 
|  34|0x00000000e2200000, 0x00000000e22eecc8, 0x00000000e2300000| 93%| S|CS|TAMS 0x00000000e2200000, 0x00000000e2200000| Complete 
|  35|0x00000000e2300000, 0x00000000e2400000, 0x00000000e2400000|100%| S|CS|TAMS 0x00000000e2300000, 0x00000000e2300000| Complete 
|  36|0x00000000e2400000, 0x00000000e2500000, 0x00000000e2500000|100%| S|CS|TAMS 0x00000000e2400000, 0x00000000e2400000| Complete 
|  37|0x00000000e2500000, 0x00000000e2500000, 0x00000000e2600000|  0%| F|  |TAMS 0x00000000e2500000, 0x00000000e2500000| Untracked 
|  38|0x00000000e2600000, 0x00000000e2600000, 0x00000000e2700000|  0%| F|  |TAMS 0x00000000e2600000, 0x00000000e2600000| Untracked 
|  39|0x00000000e2700000, 0x00000000e2700000, 0x00000000e2800000|  0%| F|  |TAMS 0x00000000e2700000, 0x00000000e2700000| Untracked 
|  40|0x00000000e2800000, 0x00000000e2800000, 0x00000000e2900000|  0%| F|  |TAMS 0x00000000e2800000, 0x00000000e2800000| Untracked 
|  41|0x00000000e2900000, 0x00000000e2900000, 0x00000000e2a00000|  0%| F|  |TAMS 0x00000000e2900000, 0x00000000e2900000| Untracked 
|  42|0x00000000e2a00000, 0x00000000e2a00000, 0x00000000e2b00000|  0%| F|  |TAMS 0x00000000e2a00000, 0x00000000e2a00000| Untracked 
|  43|0x00000000e2b00000, 0x00000000e2b00000, 0x00000000e2c00000|  0%| F|  |TAMS 0x00000000e2b00000, 0x00000000e2b00000| Untracked 
|  44|0x00000000e2c00000, 0x00000000e2c00000, 0x00000000e2d00000|  0%| F|  |TAMS 0x00000000e2c00000, 0x00000000e2c00000| Untracked 
|  45|0x00000000e2d00000, 0x00000000e2d00000, 0x00000000e2e00000|  0%| F|  |TAMS 0x00000000e2d00000, 0x00000000e2d00000| Untracked 
|  46|0x00000000e2e00000, 0x00000000e2e00000, 0x00000000e2f00000|  0%| F|  |TAMS 0x00000000e2e00000, 0x00000000e2e00000| Untracked 
|  47|0x00000000e2f00000, 0x00000000e2f00000, 0x00000000e3000000|  0%| F|  |TAMS 0x00000000e2f00000, 0x00000000e2f00000| Untracked 
|  48|0x00000000e3000000, 0x00000000e3000000, 0x00000000e3100000|  0%| F|  |TAMS 0x00000000e3000000, 0x00000000e3000000| Untracked 
|  49|0x00000000e3100000, 0x00000000e3100000, 0x00000000e3200000|  0%| F|  |TAMS 0x00000000e3100000, 0x00000000e3100000| Untracked 
|  50|0x00000000e3200000, 0x00000000e3200000, 0x00000000e3300000|  0%| F|  |TAMS 0x00000000e3200000, 0x00000000e3200000| Untracked 
|  51|0x00000000e3300000, 0x00000000e33d92b8, 0x00000000e3400000| 84%| E|  |TAMS 0x00000000e3300000, 0x00000000e3300000| Complete 
|  52|0x00000000e3400000, 0x00000000e3500000, 0x00000000e3500000|100%| E|  |TAMS 0x00000000e3400000, 0x00000000e3400000| Complete 
|  53|0x00000000e3500000, 0x00000000e3600000, 0x00000000e3600000|100%| E|CS|TAMS 0x00000000e3500000, 0x00000000e3500000| Complete 
|  54|0x00000000e3600000, 0x00000000e3700000, 0x00000000e3700000|100%| E|CS|TAMS 0x00000000e3600000, 0x00000000e3600000| Complete 
|  55|0x00000000e3700000, 0x00000000e3800000, 0x00000000e3800000|100%| E|CS|TAMS 0x00000000e3700000, 0x00000000e3700000| Complete 

Card table byte_map: [0x000001b326370000,0x000001b326470000] _byte_map_base: 0x000001b325c70000

Marking Bits (Prev, Next): (CMBitMap*) 0x000001b30dbb6790, (CMBitMap*) 0x000001b30dbb67d0
 Prev Bits: [0x000001b326570000, 0x000001b326d70000)
 Next Bits: [0x000001b326d70000, 0x000001b327570000)

Polling page: 0x000001b30dc50000

Metaspace:

Usage:
  Non-class:     13.58 MB used.
      Class:      2.00 MB used.
       Both:     15.59 MB used.

Virtual space:
  Non-class space:       64.00 MB reserved,      13.75 MB ( 21%) committed,  1 nodes.
      Class space:        1.00 GB reserved,       2.19 MB ( <1%) committed,  1 nodes.
             Both:        1.06 GB reserved,      15.94 MB (  1%) committed. 

Chunk freelists:
   Non-Class:  1.39 MB
       Class:  13.83 MB
        Both:  15.22 MB

MaxMetaspaceSize: unlimited
CompressedClassSpaceSize: 1.00 GB
Initial GC threshold: 21.00 MB
Current GC threshold: 21.00 MB
CDS: on
MetaspaceReclaimPolicy: balanced
 - commit_granule_bytes: 65536.
 - commit_granule_words: 8192.
 - virtual_space_node_default_size: 8388608.
 - enlarge_chunks_in_place: 1.
 - new_chunks_are_fully_committed: 0.
 - uncommit_free_chunks: 1.
 - use_allocation_guard: 0.
 - handle_deallocations: 1.


Internal statistics:

num_allocs_failed_limit: 0.
num_arena_births: 404.
num_arena_deaths: 0.
num_vsnodes_births: 2.
num_vsnodes_deaths: 0.
num_space_committed: 255.
num_space_uncommitted: 0.
num_chunks_returned_to_freelist: 0.
num_chunks_taken_from_freelist: 870.
num_chunk_merges: 0.
num_chunk_splits: 525.
num_chunks_enlarged: 335.
num_inconsistent_stats: 0.

CodeHeap 'non-profiled nmethods': size=120000Kb used=766Kb max_used=766Kb free=119233Kb
 bounds [0x000001b31e710000, 0x000001b31e980000, 0x000001b325c40000]
CodeHeap 'profiled nmethods': size=120000Kb used=4067Kb max_used=4067Kb free=115932Kb
 bounds [0x000001b316c40000, 0x000001b317040000, 0x000001b31e170000]
CodeHeap 'non-nmethods': size=5760Kb used=1247Kb max_used=1274Kb free=4512Kb
 bounds [0x000001b31e170000, 0x000001b31e3e0000, 0x000001b31e710000]
 total_blobs=2582 nmethods=2030 adapters=464
 compilation: enabled
              stopped_count=0, restarted_count=0
 full_count=0

Compilation events (20 events):
Event: 14.159 Thread 0x000001b329b3ce60 nmethod 2014 0x000001b317020b10 code [0x000001b317020f20, 0x000001b317022e38]
Event: 14.159 Thread 0x000001b329b3ce60 2015       3       java.lang.invoke.AbstractValidatingLambdaMetafactory::validateMetafactoryArgs (607 bytes)
Event: 14.173 Thread 0x000001b329b3ce60 nmethod 2015 0x000001b317023910 code [0x000001b3170243c0, 0x000001b31702bf68]
Event: 14.173 Thread 0x000001b329b3ce60 2016   !   3       java.lang.invoke.InnerClassLambdaMetafactory::buildCallSite (201 bytes)
Event: 14.180 Thread 0x000001b329b3ce60 nmethod 2016 0x000001b31702e790 code [0x000001b31702ec80, 0x000001b317031158]
Event: 14.220 Thread 0x000001b329b3ce60 2021       3       jdk.internal.org.objectweb.asm.SymbolTable::addConstant (330 bytes)
Event: 14.223 Thread 0x000001b329b3ce60 nmethod 2021 0x000001b317032110 code [0x000001b317032680, 0x000001b3170358b8]
Event: 14.237 Thread 0x000001b329b3ce60 2022       3       java.nio.MappedByteBuffer::position (6 bytes)
Event: 14.237 Thread 0x000001b329b3ce60 nmethod 2022 0x000001b317036210 code [0x000001b3170363c0, 0x000001b3170365c8]
Event: 14.266 Thread 0x000001b329b3ce60 2024       3       java.lang.invoke.MemberName::isProtected (8 bytes)
Event: 14.266 Thread 0x000001b329b3ce60 nmethod 2024 0x000001b317036710 code [0x000001b3170368a0, 0x000001b317036a78]
Event: 14.267 Thread 0x000001b329b3ce60 2025       1       java.lang.invoke.MethodHandle::isInvokeSpecial (2 bytes)
Event: 14.267 Thread 0x000001b329b3ce60 nmethod 2025 0x000001b31e7ce090 code [0x000001b31e7ce220, 0x000001b31e7ce2f8]
Event: 14.290 Thread 0x000001b329b28370 2026       4       java.lang.String::startsWith (7 bytes)
Event: 14.296 Thread 0x000001b329b28370 nmethod 2026 0x000001b31e7ce390 code [0x000001b31e7ce520, 0x000001b31e7ce778]
Event: 14.461 Thread 0x000001b329b3ce60 2027       3       java.util.jar.JarFile::getVersionedEntry (133 bytes)
Event: 14.463 Thread 0x000001b329b3ce60 nmethod 2027 0x000001b317036b10 code [0x000001b317036de0, 0x000001b317037bb8]
Event: 14.488 Thread 0x000001b329b28370 2028       4       java.lang.String::regionMatches (150 bytes)
Event: 14.503 Thread 0x000001b329b28370 nmethod 2028 0x000001b31e7ce990 code [0x000001b31e7ceb40, 0x000001b31e7cf338]
Event: 14.524 Thread 0x000001b329b28370 2029   !   4       java.util.zip.ZipFile::getEntry (59 bytes)

GC Heap History (6 events):
Event: 0.746 GC heap before
{Heap before GC invocations=0 (full 0):
 garbage-first heap   total 57344K, used 13312K [0x00000000e0000000, 0x0000000100000000)
  region size 1024K, 13 young (13312K), 0 survivors (0K)
 Metaspace       used 4627K, committed 4864K, reserved 1114112K
  class space    used 597K, committed 704K, reserved 1048576K
}
Event: 0.754 GC heap after
{Heap after GC invocations=1 (full 0):
 garbage-first heap   total 57344K, used 5562K [0x00000000e0000000, 0x0000000100000000)
  region size 1024K, 2 young (2048K), 2 survivors (2048K)
 Metaspace       used 4627K, committed 4864K, reserved 1114112K
  class space    used 597K, committed 704K, reserved 1048576K
}
Event: 1.257 GC heap before
{Heap before GC invocations=1 (full 0):
 garbage-first heap   total 57344K, used 13754K [0x00000000e0000000, 0x0000000100000000)
  region size 1024K, 11 young (11264K), 2 survivors (2048K)
 Metaspace       used 7284K, committed 7552K, reserved 1114112K
  class space    used 928K, committed 1024K, reserved 1048576K
}
Event: 1.262 GC heap after
{Heap after GC invocations=2 (full 0):
 garbage-first heap   total 57344K, used 6653K [0x00000000e0000000, 0x0000000100000000)
  region size 1024K, 1 young (1024K), 1 survivors (1024K)
 Metaspace       used 7284K, committed 7552K, reserved 1114112K
  class space    used 928K, committed 1024K, reserved 1048576K
}
Event: 2.995 GC heap before
{Heap before GC invocations=2 (full 0):
 garbage-first heap   total 57344K, used 25085K [0x00000000e0000000, 0x0000000100000000)
  region size 1024K, 19 young (19456K), 1 survivors (1024K)
 Metaspace       used 14232K, committed 14656K, reserved 1114112K
  class space    used 1815K, committed 2048K, reserved 1048576K
}
Event: 3.002 GC heap after
{Heap after GC invocations=3 (full 0):
 garbage-first heap   total 57344K, used 8676K [0x00000000e0000000, 0x0000000100000000)
  region size 1024K, 3 young (3072K), 3 survivors (3072K)
 Metaspace       used 14232K, committed 14656K, reserved 1114112K
  class space    used 1815K, committed 2048K, reserved 1048576K
}

Deoptimization events (20 events):
Event: 2.518 Thread 0x000001b30db806e0 DEOPT PACKING pc=0x000001b316eea7c9 sp=0x000000621f8f7ee0
Event: 2.518 Thread 0x000001b30db806e0 DEOPT UNPACKING pc=0x000001b31e1c2b43 sp=0x000000621f8f73f0 mode 0
Event: 2.533 Thread 0x000001b30db806e0 Uncommon trap: trap_request=0xffffff45 fr.pc=0x000001b31e743f34 relative=0x0000000000000214
Event: 2.533 Thread 0x000001b30db806e0 Uncommon trap: reason=unstable_if action=reinterpret pc=0x000001b31e743f34 method=java.util.StringTokenizer.scanToken(I)I @ 42 c2
Event: 2.533 Thread 0x000001b30db806e0 DEOPT PACKING pc=0x000001b31e743f34 sp=0x000000621f8f9690
Event: 2.533 Thread 0x000001b30db806e0 DEOPT UNPACKING pc=0x000001b31e1c23a3 sp=0x000000621f8f9620 mode 2
Event: 2.656 Thread 0x000001b30db806e0 DEOPT PACKING pc=0x000001b316f909be sp=0x000000621f8fa150
Event: 2.657 Thread 0x000001b30db806e0 DEOPT UNPACKING pc=0x000001b31e1c2b43 sp=0x000000621f8f95d0 mode 0
Event: 2.658 Thread 0x000001b30db806e0 DEOPT PACKING pc=0x000001b316f909be sp=0x000000621f8fa1c0
Event: 2.658 Thread 0x000001b30db806e0 DEOPT UNPACKING pc=0x000001b31e1c2b43 sp=0x000000621f8f9640 mode 0
Event: 2.659 Thread 0x000001b30db806e0 DEOPT PACKING pc=0x000001b316f909be sp=0x000000621f8fa1c0
Event: 2.659 Thread 0x000001b30db806e0 DEOPT UNPACKING pc=0x000001b31e1c2b43 sp=0x000000621f8f9640 mode 0
Event: 2.660 Thread 0x000001b30db806e0 DEOPT PACKING pc=0x000001b316f909be sp=0x000000621f8fa1c0
Event: 2.660 Thread 0x000001b30db806e0 DEOPT UNPACKING pc=0x000001b31e1c2b43 sp=0x000000621f8f9640 mode 0
Event: 2.661 Thread 0x000001b30db806e0 DEOPT PACKING pc=0x000001b316f909be sp=0x000000621f8fa150
Event: 2.661 Thread 0x000001b30db806e0 DEOPT UNPACKING pc=0x000001b31e1c2b43 sp=0x000000621f8f95d0 mode 0
Event: 2.662 Thread 0x000001b30db806e0 DEOPT PACKING pc=0x000001b316f909be sp=0x000000621f8fa150
Event: 2.662 Thread 0x000001b30db806e0 DEOPT UNPACKING pc=0x000001b31e1c2b43 sp=0x000000621f8f95d0 mode 0
Event: 3.082 Thread 0x000001b36fb305a0 DEOPT PACKING pc=0x000001b316eea7c9 sp=0x0000006221efd710
Event: 3.082 Thread 0x000001b36fb305a0 DEOPT UNPACKING pc=0x000001b31e1c2b43 sp=0x0000006221efcc20 mode 0

Classes unloaded (0 events):
No events

Classes redefined (0 events):
No events

Internal exceptions (20 events):
Event: 2.885 Thread 0x000001b36fb30fc0 Exception <a 'java/net/ConnectException'{0x00000000e27f3b10}: Connection refused: no further information> (0x00000000e27f3b10) 
thrown [s\open\src\hotspot\share\prims\jni.cpp, line 535]
Event: 2.885 Thread 0x000001b36fb30fc0 Exception <a 'java/net/SocketException'{0x00000000e27f3e48}: Socket is not connected: shutdown> (0x00000000e27f3e48) 
thrown [s\open\src\hotspot\share\prims\jni.cpp, line 535]
Event: 2.885 Thread 0x000001b36fb30fc0 Exception <a 'java/net/ConnectException'{0x00000000e27f46a8}: Connection refused: no further information> (0x00000000e27f46a8) 
thrown [s\open\src\hotspot\share\prims\jni.cpp, line 535]
Event: 2.886 Thread 0x000001b36fb30fc0 Exception <a 'java/net/SocketException'{0x00000000e27f49e0}: Socket is not connected: shutdown> (0x00000000e27f49e0) 
thrown [s\open\src\hotspot\share\prims\jni.cpp, line 535]
Event: 2.887 Thread 0x000001b36fb30fc0 Exception <a 'java/net/ConnectException'{0x00000000e27f5240}: Connection refused: no further information> (0x00000000e27f5240) 
thrown [s\open\src\hotspot\share\prims\jni.cpp, line 535]
Event: 2.887 Thread 0x000001b36fb30fc0 Exception <a 'java/net/SocketException'{0x00000000e27f5578}: Socket is not connected: shutdown> (0x00000000e27f5578) 
thrown [s\open\src\hotspot\share\prims\jni.cpp, line 535]
Event: 2.888 Thread 0x000001b36fb30fc0 Exception <a 'java/net/ConnectException'{0x00000000e27f5dd8}: Connection refused: no further information> (0x00000000e27f5dd8) 
thrown [s\open\src\hotspot\share\prims\jni.cpp, line 535]
Event: 2.888 Thread 0x000001b36fb30fc0 Exception <a 'java/net/SocketException'{0x00000000e27f6110}: Socket is not connected: shutdown> (0x00000000e27f6110) 
thrown [s\open\src\hotspot\share\prims\jni.cpp, line 535]
Event: 2.889 Thread 0x000001b36fb30fc0 Exception <a 'java/net/ConnectException'{0x00000000e27f6970}: Connection refused: no further information> (0x00000000e27f6970) 
thrown [s\open\src\hotspot\share\prims\jni.cpp, line 535]
Event: 2.889 Thread 0x000001b36fb30fc0 Exception <a 'java/net/SocketException'{0x00000000e27f6ca8}: Socket is not connected: shutdown> (0x00000000e27f6ca8) 
thrown [s\open\src\hotspot\share\prims\jni.cpp, line 535]
Event: 2.890 Thread 0x000001b36fb30fc0 Exception <a 'java/net/ConnectException'{0x00000000e27f7508}: Connection refused: no further information> (0x00000000e27f7508) 
thrown [s\open\src\hotspot\share\prims\jni.cpp, line 535]
Event: 2.890 Thread 0x000001b36fb30fc0 Exception <a 'java/net/SocketException'{0x00000000e27f7840}: Socket is not connected: shutdown> (0x00000000e27f7840) 
thrown [s\open\src\hotspot\share\prims\jni.cpp, line 535]
Event: 2.905 Thread 0x000001b30db806e0 Exception <a 'java/lang/NoSuchMethodError'{0x00000000e2635fe0}: 'void java.lang.invoke.DirectMethodHandle$Holder.invokeStatic(java.lang.Object, java.lang.Object, java.lang.Object)'> (0x00000000e2635fe0) 
thrown [s\open\src\hotspot\share\interpreter\linkResolver.cpp, line 759]
Event: 2.926 Thread 0x000001b30db806e0 Exception <a 'java/lang/NoSuchMethodError'{0x00000000e26bdfe0}: 'java.lang.Object java.lang.invoke.DirectMethodHandle$Holder.newInvokeSpecial(java.lang.Object, java.lang.Object, int, int)'> (0x00000000e26bdfe0) 
thrown [s\open\src\hotspot\share\interpreter\linkResolver.cpp, line 759]
Event: 2.927 Thread 0x000001b30db806e0 Exception <a 'java/lang/NoSuchMethodError'{0x00000000e26c8d70}: 'void java.lang.invoke.DirectMethodHandle$Holder.invokeStatic(java.lang.Object, java.lang.Object, int)'> (0x00000000e26c8d70) 
thrown [s\open\src\hotspot\share\interpreter\linkResolver.cpp, line 759]
Event: 3.006 Thread 0x000001b36fb314d0 Exception <a 'java/lang/NoSuchMethodError'{0x00000000e3701288}: 'java.lang.Object java.lang.invoke.DirectMethodHandle$Holder.invokeSpecial(java.lang.Object, java.lang.Object, java.lang.Object, java.lang.Object, int)'> (0x00000000e3701288) 
thrown [s\open\src\hotspot\share\interpreter\linkResolver.cpp, line 759]
Event: 3.007 Thread 0x000001b36fb314d0 Exception <a 'java/lang/NoSuchMethodError'{0x00000000e3704e50}: 'java.lang.Object java.lang.invoke.Invokers$Holder.linkToTargetMethod(java.lang.Object, java.lang.Object, int, java.lang.Object)'> (0x00000000e3704e50) 
thrown [s\open\src\hotspot\share\interpreter\linkResolver.cpp, line 759]
Event: 3.037 Thread 0x000001b36fb314d0 Exception <a 'java/lang/NoSuchMethodError'{0x00000000e3757288}: 'void java.lang.invoke.DirectMethodHandle$Holder.invokeSpecial(java.lang.Object, java.lang.Object, java.lang.Object, java.lang.Object, java.lang.Object)'> (0x00000000e3757288) 
thrown [s\open\src\hotspot\share\interpreter\linkResolver.cpp, line 759]
Event: 14.183 Thread 0x000001b36fb305a0 Exception <a 'java/lang/NoSuchMethodError'{0x00000000e367f170}: 'java.lang.Object java.lang.invoke.DirectMethodHandle$Holder.newInvokeSpecial(java.lang.Object, java.lang.Object, long, java.lang.Object, java.lang.Object, java.lang.Object)'> (0x00000000e367f170) 
thrown [s\open\src\hotspot\share\interpreter\linkResolver.cpp, line 759]
Event: 14.265 Thread 0x000001b36fb305a0 Exception <a 'java/lang/NoSuchMethodError'{0x00000000e3697508}: 'void java.lang.invoke.DirectMethodHandle$Holder.invokeSpecial(java.lang.Object, java.lang.Object, java.lang.Object, java.lang.Object, java.lang.Object, java.lang.Object, java.lang.Object)'> (0x00000000e3697508) 
thrown [s\open\src\hotspot\share\interpreter\linkResolver.cpp, line 759]

VM Operations (20 events):
Event: 1.689 Executing VM operation: HandshakeAllThreads
Event: 1.689 Executing VM operation: HandshakeAllThreads done
Event: 1.899 Executing VM operation: HandshakeAllThreads
Event: 1.899 Executing VM operation: HandshakeAllThreads done
Event: 2.009 Executing VM operation: HandshakeAllThreads
Event: 2.009 Executing VM operation: HandshakeAllThreads done
Event: 2.426 Executing VM operation: HandshakeAllThreads
Event: 2.426 Executing VM operation: HandshakeAllThreads done
Event: 2.426 Executing VM operation: Cleanup
Event: 2.426 Executing VM operation: Cleanup done
Event: 2.589 Executing VM operation: HandshakeAllThreads
Event: 2.589 Executing VM operation: HandshakeAllThreads done
Event: 2.682 Executing VM operation: HandshakeAllThreads
Event: 2.682 Executing VM operation: HandshakeAllThreads done
Event: 2.995 Executing VM operation: G1CollectForAllocation
Event: 3.002 Executing VM operation: G1CollectForAllocation done
Event: 4.012 Executing VM operation: Cleanup
Event: 4.013 Executing VM operation: Cleanup done
Event: 14.082 Executing VM operation: Cleanup
Event: 14.099 Executing VM operation: Cleanup done

Events (20 events):
Event: 14.015 loading class java/util/stream/ReferencePipeline$5
Event: 14.025 loading class java/util/stream/LongPipeline$StatelessOp
Event: 14.026 loading class java/util/stream/LongPipeline
Event: 14.027 loading class java/util/stream/LongStream
Event: 14.028 loading class java/util/stream/LongStream done
Event: 14.028 loading class java/util/stream/LongPipeline done
Event: 14.028 loading class java/util/stream/LongPipeline$StatelessOp done
Event: 14.036 loading class java/util/stream/ReferencePipeline$5 done
Event: 14.037 loading class java/util/stream/FindOps$FindSink$OfLong
Event: 14.037 loading class java/util/stream/Sink$OfLong
Event: 14.038 loading class java/util/stream/Sink$OfLong done
Event: 14.038 loading class java/util/stream/FindOps$FindSink$OfLong done
Event: 14.038 loading class java/util/OptionalLong
Event: 14.039 loading class java/util/OptionalLong done
Event: 14.068 loading class java/util/stream/ReferencePipeline$5$1
Event: 14.069 loading class java/util/stream/ReferencePipeline$5$1 done
Event: 14.268 loading class java/util/concurrent/CompletableFuture$MinimalStage
Event: 14.273 loading class java/util/concurrent/CompletableFuture$MinimalStage done
Event: 14.442 loading class java/util/DualPivotQuicksort
Event: 14.443 loading class java/util/DualPivotQuicksort done


Dynamic libraries:
0x00007ff7de760000 - 0x00007ff7de770000 	C:\Program Files\Java\jdk-17\bin\java.exe
0x00007ff8d0440000 - 0x00007ff8d06a8000 	C:\WINDOWS\SYSTEM32\ntdll.dll
0x00007ff8cf940000 - 0x00007ff8cfa09000 	C:\WINDOWS\System32\KERNEL32.DLL
0x00007ff8cdb80000 - 0x00007ff8cdf71000 	C:\WINDOWS\System32\KERNELBASE.dll
0x00007ff8ccd20000 - 0x00007ff8cce6b000 	C:\WINDOWS\System32\ucrtbase.dll
0x00007ff89d860000 - 0x00007ff89d87b000 	C:\Program Files\Java\jdk-17\bin\VCRUNTIME140.dll
0x00007ff89dc80000 - 0x00007ff89dc99000 	C:\Program Files\Java\jdk-17\bin\jli.dll
0x00007ff8cf880000 - 0x00007ff8cf934000 	C:\WINDOWS\System32\ADVAPI32.dll
0x00007ff8cf400000 - 0x00007ff8cf4a9000 	C:\WINDOWS\System32\msvcrt.dll
0x00007ff8cf1f0000 - 0x00007ff8cf296000 	C:\WINDOWS\System32\sechost.dll
0x00007ff8ce2c0000 - 0x00007ff8ce3d8000 	C:\WINDOWS\System32\RPCRT4.dll
0x00007ff8cf4e0000 - 0x00007ff8cf6a6000 	C:\WINDOWS\System32\USER32.dll
0x00007ff8cdf80000 - 0x00007ff8cdfa7000 	C:\WINDOWS\System32\win32u.dll
0x00007ff8ce600000 - 0x00007ff8ce62b000 	C:\WINDOWS\System32\GDI32.dll
0x00007ff8b4030000 - 0x00007ff8b42c3000 	C:\WINDOWS\WinSxS\amd64_microsoft.windows.common-controls_6595b64144ccf1df_6.0.26100.7824_none_3e0870b2e3345462\COMCTL32.dll
0x00007ff8ccfb0000 - 0x00007ff8cd0db000 	C:\WINDOWS\System32\gdi32full.dll
0x00007ff8cce70000 - 0x00007ff8ccf13000 	C:\WINDOWS\System32\msvcp_win.dll
0x00007ff8c7ed0000 - 0x00007ff8c7edb000 	C:\WINDOWS\SYSTEM32\VERSION.dll
0x00007ff8cf740000 - 0x00007ff8cf771000 	C:\WINDOWS\System32\IMM32.DLL
0x00007ff8a2030000 - 0x00007ff8a203c000 	C:\Program Files\Java\jdk-17\bin\vcruntime140_1.dll
0x00007ff870860000 - 0x00007ff8708ee000 	C:\Program Files\Java\jdk-17\bin\msvcp140.dll
0x00007ff830610000 - 0x00007ff8311f0000 	C:\Program Files\Java\jdk-17\bin\server\jvm.dll
0x00007ff8cfa30000 - 0x00007ff8cfa38000 	C:\WINDOWS\System32\PSAPI.DLL
0x00007ff8c5a60000 - 0x00007ff8c5a95000 	C:\WINDOWS\SYSTEM32\WINMM.dll
0x00007ff8ca5d0000 - 0x00007ff8ca5da000 	C:\WINDOWS\SYSTEM32\WSOCK32.dll
0x00007ff8ce1e0000 - 0x00007ff8ce254000 	C:\WINDOWS\System32\WS2_32.dll
0x00007ff8cbac0000 - 0x00007ff8cbadb000 	C:\WINDOWS\SYSTEM32\kernel.appcore.dll
0x00007ff8a1e20000 - 0x00007ff8a1e2a000 	C:\Program Files\Java\jdk-17\bin\jimage.dll
0x00007ff8c0e30000 - 0x00007ff8c1072000 	C:\WINDOWS\SYSTEM32\DBGHELP.DLL
0x00007ff8cff20000 - 0x00007ff8d02a6000 	C:\WINDOWS\System32\combase.dll
0x00007ff8cf2a0000 - 0x00007ff8cf377000 	C:\WINDOWS\System32\OLEAUT32.dll
0x00007ff8b22f0000 - 0x00007ff8b232b000 	C:\WINDOWS\SYSTEM32\dbgcore.DLL
0x00007ff8ce130000 - 0x00007ff8ce1d5000 	C:\WINDOWS\System32\bcryptPrimitives.dll
0x00007ff89d440000 - 0x00007ff89d465000 	C:\Program Files\Java\jdk-17\bin\java.dll
0x00007ff86c5b0000 - 0x00007ff86c687000 	C:\Program Files\Java\jdk-17\bin\jsvml.dll
0x00007ff8ce630000 - 0x00007ff8ced82000 	C:\WINDOWS\System32\SHELL32.dll
0x00007ff8cd0e0000 - 0x00007ff8cd24a000 	C:\WINDOWS\System32\wintypes.dll
0x00007ff8cd310000 - 0x00007ff8cdb73000 	C:\WINDOWS\System32\windows.storage.dll
0x00007ff8ced90000 - 0x00007ff8cee86000 	C:\WINDOWS\System32\SHCORE.dll
0x00007ff8cf6d0000 - 0x00007ff8cf737000 	C:\WINDOWS\System32\shlwapi.dll
0x00007ff8ccc40000 - 0x00007ff8ccc69000 	C:\WINDOWS\SYSTEM32\profapi.dll
0x00007ff89d520000 - 0x00007ff89d539000 	C:\Program Files\Java\jdk-17\bin\net.dll
0x00007ff8c30e0000 - 0x00007ff8c3207000 	C:\WINDOWS\SYSTEM32\WINHTTP.dll
0x00007ff8cc030000 - 0x00007ff8cc09b000 	C:\WINDOWS\system32\mswsock.dll
0x00007ff89d4c0000 - 0x00007ff89d4d6000 	C:\Program Files\Java\jdk-17\bin\nio.dll
0x00007ff89d420000 - 0x00007ff89d438000 	C:\Program Files\Java\jdk-17\bin\zip.dll
0x00007ff89da30000 - 0x00007ff89da40000 	C:\Program Files\Java\jdk-17\bin\verify.dll
0x00007ff8c01a0000 - 0x00007ff8c01ae000 	C:\Program Files\Java\jdk-17\bin\sunmscapi.dll
0x00007ff8cdfb0000 - 0x00007ff8ce127000 	C:\WINDOWS\System32\CRYPT32.dll
0x00007ff8cc520000 - 0x00007ff8cc550000 	C:\WINDOWS\SYSTEM32\ncrypt.dll
0x00007ff8cc4d0000 - 0x00007ff8cc50f000 	C:\WINDOWS\SYSTEM32\NTASN1.dll
0x00007ff84c9e0000 - 0x00007ff84c9e8000 	C:\WINDOWS\system32\wshunix.dll
0x00007ff8cc310000 - 0x00007ff8cc32b000 	C:\WINDOWS\SYSTEM32\CRYPTSP.dll
0x00007ff8cba20000 - 0x00007ff8cba59000 	C:\WINDOWS\system32\rsaenh.dll
0x00007ff8cc0e0000 - 0x00007ff8cc10b000 	C:\WINDOWS\SYSTEM32\USERENV.dll
0x00007ff8ccc10000 - 0x00007ff8ccc3a000 	C:\WINDOWS\SYSTEM32\bcrypt.dll
0x00007ff8cc300000 - 0x00007ff8cc30c000 	C:\WINDOWS\SYSTEM32\CRYPTBASE.dll
0x00007ff8cb4e0000 - 0x00007ff8cb514000 	C:\WINDOWS\SYSTEM32\IPHLPAPI.DLL
0x00007ff8cfa20000 - 0x00007ff8cfa2a000 	C:\WINDOWS\System32\NSI.dll
0x00007ff8c3970000 - 0x00007ff8c398e000 	C:\WINDOWS\SYSTEM32\dhcpcsvc6.DLL
0x00007ff8c2ff0000 - 0x00007ff8c3013000 	C:\WINDOWS\SYSTEM32\dhcpcsvc.DLL
0x00007ff8cb5d0000 - 0x00007ff8cb6fc000 	C:\WINDOWS\SYSTEM32\DNSAPI.dll
0x00007ff8c2cf0000 - 0x00007ff8c2cfb000 	C:\Windows\System32\rasadhlp.dll
0x00007ff8c18c0000 - 0x00007ff8c1946000 	C:\WINDOWS\System32\fwpuclnt.dll

dbghelp: loaded successfully - version: 4.0.5 - missing functions: none
symbol engine: initialized successfully - sym options: 0x614 - pdb path: .;C:\Program Files\Java\jdk-17\bin;C:\WINDOWS\SYSTEM32;C:\WINDOWS\WinSxS\amd64_microsoft.windows.common-controls_6595b64144ccf1df_6.0.26100.7824_none_3e0870b2e3345462;C:\Program Files\Java\jdk-17\bin\server

VM Arguments:
jvm_args: -Dorg.gradle.internal.worker.tmpdir=D:\Java code\batch14\selenimWithPom14\build\tmp\test\work -Dorg.gradle.native=false -Xmx512m -Dfile.encoding=windows-1252 -Duser.country=SG -Duser.language=en -Duser.variant -ea 
java_command: worker.org.gradle.process.internal.worker.GradleWorkerMain 'Gradle Test Executor 2'
java_class_path (initial): C:\Users\MD MOSABBIR\.gradle\caches\8.0\workerMain\gradle-worker.jar;D:\Java code\batch14\selenimWithPom14\build\classes\java\test;D:\Java code\batch14\selenimWithPom14\build\resources\test;C:\Users\MD MOSABBIR\.gradle\caches\modules-2\files-2.1\org.seleniumhq.selenium\selenium-java\4.40.0\2cc38c8dbef9d6e8774f05c2d2e8088180858ed4\selenium-java-4.40.0.jar;C:\Users\MD MOSABBIR\.gradle\caches\modules-2\files-2.1\org.testng\testng\7.12.0\55b39526598d8eb2e0e75bffbbd4b683adb85dcc\testng-7.12.0.jar;C:\Users\MD MOSABBIR\.gradle\caches\modules-2\files-2.1\org.seleniumhq.selenium\selenium-chrome-driver\4.40.0\f0e2a34397e18067f6d29a2b04c0fe299b506001\selenium-chrome-driver-4.40.0.jar;C:\Users\MD MOSABBIR\.gradle\caches\modules-2\files-2.1\org.seleniumhq.selenium\selenium-devtools-v142\4.40.0\b1bf4b9d2c83bf2606bf3df2c09088ec04f22fb1\selenium-devtools-v142-4.40.0.jar;C:\Users\MD MOSABBIR\.gradle\caches\modules-2\files-2.1\org.seleniumhq.selenium\selenium-devtools-v143\4.40.0\848259e553bd9e239d06e23c9a9e92d03c021ff0\selenium-devtools-v143-4.40.0.jar;C:\Users\MD MOSABBIR\.gradle\caches\modules-2\files-2.1\org.seleniumhq.selenium\selenium-devtools-v144\4.40.0\7a50eb6ba721a76dac19497dbd3b39fa58598c2d\selenium-devtools-v144-4.40.0.jar;C:\Users\MD MOSABBIR\.gradle\caches\modules-2\files-2.1\org.seleniumhq.selenium\selenium-edge-driver\4.40.0\9faf5b39b68925ea84444a5a9b4269761b3e54b9\selenium-edge-driver-4.40.0.jar;C:\Users\MD MOSABBIR\.gradle\caches\modules-2\files-2.1\org.seleniumhq.selenium\selenium-firefox-driver\4.40.0\8bdd9f01c690e1368a1c33ee76584c9a856f8021\selenium-firefox-driver-4.40.0.jar;C:\Users\MD MOSABBIR\.gradle\caches\modules-2\files-2.1\org.seleniumhq.selenium\selenium-ie-driver\4.40.0\40b8d878f3fe02b43a360574e2b067d605666d8c\selenium-ie-driver-4.40.0.jar;C:\Users\MD MOSABBIR\.gradle\caches\modules-2\files-2.1\org.seleniumhq.selenium\selenium-safari-driver\4.40.0\129277ea8790705e4f7ad5484bff148106d84ee2\selenium-safari-driver-4.40.0.jar;C:\U
Launcher Type: SUN_STANDARD

[Global flags]
     intx CICompilerCount                          = 3                                         {product} {ergonomic}
     uint ConcGCThreads                            = 1                                         {product} {ergonomic}
     uint G1ConcRefinementThreads                  = 4                                         {product} {ergonomic}
   size_t G1HeapRegionSize                         = 1048576                                   {product} {ergonomic}
    uintx GCDrainStackTargetSize                   = 64                                        {product} {ergonomic}
   size_t InitialHeapSize                          = 58720256                                  {product} {ergonomic}
   size_t MarkStackSize                            = 4194304                                   {product} {ergonomic}
   size_t MaxHeapSize                              = 536870912                                 {product} {command line}
   size_t MaxNewSize                               = 321912832                                 {product} {ergonomic}
   size_t MinHeapDeltaBytes                        = 1048576                                   {product} {ergonomic}
   size_t MinHeapSize                              = 8388608                                   {product} {ergonomic}
    uintx NonNMethodCodeHeapSize                   = 5832780                                {pd product} {ergonomic}
    uintx NonProfiledCodeHeapSize                  = 122912730                              {pd product} {ergonomic}
    uintx ProfiledCodeHeapSize                     = 122912730                              {pd product} {ergonomic}
    uintx ReservedCodeCacheSize                    = 251658240                              {pd product} {ergonomic}
     bool SegmentedCodeCache                       = true                                      {product} {ergonomic}
   size_t SoftMaxHeapSize                          = 536870912                              {manageable} {ergonomic}
     bool UseCompressedClassPointers               = true                           {product lp64_product} {ergonomic}
     bool UseCompressedOops                        = true                           {product lp64_product} {ergonomic}
     bool UseG1GC                                  = true                                      {product} {ergonomic}
     bool UseLargePagesIndividualAllocation        = false                                  {pd product} {ergonomic}

Logging:
Log output configuration:
 #0: stdout all=warning uptime,level,tags
 #1: stderr all=off uptime,level,tags

Environment Variables:
JAVA_HOME=C:\Program Files\Java\jdk-17
PATH=C:\Program Files\MySQL\MySQL Server 8.0\bin;C:\Program Files\Git\cmd;C:\Program Files\MySQL\MySQL Shell 8.0\bin\;C:\Program Files (x86)\MySQL\MySQL Server 5.0\my.ini;C:\Users\MD MOSABBIR\AppData\Local\Programs\Microsoft VS Code\bin
USERNAME=MD MOSABBIR
OS=Windows_NT
PROCESSOR_IDENTIFIER=AMD64 Family 23 Model 24 Stepping 1, AuthenticAMD



---------------  S Y S T E M  ---------------

OS:
 Windows 11 , 64 bit Build 26100 (10.0.26100.7705)
OS uptime: 2 days 2:41 hours

CPU: total 4 (initial active 4) (4 cores per cpu, 2 threads per core) family 23 model 24 stepping 1 microcode 0x8108109, cx8, cmov, fxsr, ht, mmx, 3dnowpref, sse, sse2, sse3, ssse3, sse4a, sse4.1, sse4.2, popcnt, lzcnt, tsc, tscinvbit, avx, avx2, aes, clmul, bmi1, bmi2, adx, sha, fma, vzeroupper, clflush, clflushopt

Memory: 4k page, system-wide physical 3503M (809M free)
TotalPageFile size 14255M (AvailPageFile size 3M)
current process WorkingSet (physical memory assigned to process): 42M, peak: 113M
current process commit charge ("private bytes"): 159M, peak: 172M

vm_info: Java HotSpot(TM) 64-Bit Server VM (17.0.11+7-LTS-207) for windows-amd64 JRE (17.0.11+7-LTS-207), built on Mar 11 2024 19:01:50 by "mach5one" with MS VC++ 17.6 (VS2022)

END.
